Archive member included to satisfy reference by file (symbol)

Algorithm/AHRS.lib(ahrs.o)    build/IMU_updata.o (AHRS_init)
C:/Users/Godwin/13.2 Rel1/bin/../lib/gcc/arm-none-eabi/13.2.1/thumb/v7e-m+dp/hard\libc_nano.a(libc_a-exit.o)
                              C:/Users/Godwin/13.2 Rel1/bin/../lib/gcc/arm-none-eabi/13.2.1/thumb/v7e-m+dp/hard/crt0.o (exit)
C:/Users/Godwin/13.2 Rel1/bin/../lib/gcc/arm-none-eabi/13.2.1/thumb/v7e-m+dp/hard\libc_nano.a(libc_a-malloc.o)
                              build/fifo.o (malloc)
C:/Users/Godwin/13.2 Rel1/bin/../lib/gcc/arm-none-eabi/13.2.1/thumb/v7e-m+dp/hard\libc_nano.a(libc_a-mallocr.o)
                              C:/Users/Godwin/13.2 Rel1/bin/../lib/gcc/arm-none-eabi/13.2.1/thumb/v7e-m+dp/hard\libc_nano.a(libc_a-malloc.o) (_malloc_r)
C:/Users/Godwin/13.2 Rel1/bin/../lib/gcc/arm-none-eabi/13.2.1/thumb/v7e-m+dp/hard\libc_nano.a(libc_a-mlock.o)
                              C:/Users/Godwin/13.2 Rel1/bin/../lib/gcc/arm-none-eabi/13.2.1/thumb/v7e-m+dp/hard\libc_nano.a(libc_a-mallocr.o) (__malloc_lock)
C:/Users/Godwin/13.2 Rel1/bin/../lib/gcc/arm-none-eabi/13.2.1/thumb/v7e-m+dp/hard\libc_nano.a(libc_a-nano-vfprintf_float.o)
                              (_printf_float)
C:/Users/Godwin/13.2 Rel1/bin/../lib/gcc/arm-none-eabi/13.2.1/thumb/v7e-m+dp/hard\libc_nano.a(libc_a-nano-vfprintf_i.o)
                              C:/Users/Godwin/13.2 Rel1/bin/../lib/gcc/arm-none-eabi/13.2.1/thumb/v7e-m+dp/hard\libc_nano.a(libc_a-nano-vfprintf_float.o) (_printf_common)
C:/Users/Godwin/13.2 Rel1/bin/../lib/gcc/arm-none-eabi/13.2.1/thumb/v7e-m+dp/hard\libc_nano.a(libc_a-findfp.o)
                              C:/Users/Godwin/13.2 Rel1/bin/../lib/gcc/arm-none-eabi/13.2.1/thumb/v7e-m+dp/hard\libc_nano.a(libc_a-exit.o) (__stdio_exit_handler)
C:/Users/Godwin/13.2 Rel1/bin/../lib/gcc/arm-none-eabi/13.2.1/thumb/v7e-m+dp/hard\libc_nano.a(libc_a-fwalk.o)
                              C:/Users/Godwin/13.2 Rel1/bin/../lib/gcc/arm-none-eabi/13.2.1/thumb/v7e-m+dp/hard\libc_nano.a(libc_a-findfp.o) (_fwalk_sglue)
C:/Users/Godwin/13.2 Rel1/bin/../lib/gcc/arm-none-eabi/13.2.1/thumb/v7e-m+dp/hard\libc_nano.a(libc_a-printf.o)
                              build/ui_interface.o (printf)
C:/Users/Godwin/13.2 Rel1/bin/../lib/gcc/arm-none-eabi/13.2.1/thumb/v7e-m+dp/hard\libc_nano.a(libc_a-puts.o)
                              build/ui_interface.o (puts)
C:/Users/Godwin/13.2 Rel1/bin/../lib/gcc/arm-none-eabi/13.2.1/thumb/v7e-m+dp/hard\libc_nano.a(libc_a-stdio.o)
                              C:/Users/Godwin/13.2 Rel1/bin/../lib/gcc/arm-none-eabi/13.2.1/thumb/v7e-m+dp/hard\libc_nano.a(libc_a-findfp.o) (__sread)
C:/Users/Godwin/13.2 Rel1/bin/../lib/gcc/arm-none-eabi/13.2.1/thumb/v7e-m+dp/hard\libc_nano.a(libc_a-wbuf.o)
                              C:/Users/Godwin/13.2 Rel1/bin/../lib/gcc/arm-none-eabi/13.2.1/thumb/v7e-m+dp/hard\libc_nano.a(libc_a-puts.o) (__swbuf_r)
C:/Users/Godwin/13.2 Rel1/bin/../lib/gcc/arm-none-eabi/13.2.1/thumb/v7e-m+dp/hard\libc_nano.a(libc_a-wsetup.o)
                              C:/Users/Godwin/13.2 Rel1/bin/../lib/gcc/arm-none-eabi/13.2.1/thumb/v7e-m+dp/hard\libc_nano.a(libc_a-puts.o) (__swsetup_r)
C:/Users/Godwin/13.2 Rel1/bin/../lib/gcc/arm-none-eabi/13.2.1/thumb/v7e-m+dp/hard\libc_nano.a(libc_a-memcmp.o)
                              build/ui_g.o (memcmp)
C:/Users/Godwin/13.2 Rel1/bin/../lib/gcc/arm-none-eabi/13.2.1/thumb/v7e-m+dp/hard\libc_nano.a(libc_a-memset.o)
                              C:/Users/Godwin/13.2 Rel1/bin/../lib/gcc/arm-none-eabi/13.2.1/thumb/v7e-m+dp/hard/crt0.o (memset)
C:/Users/Godwin/13.2 Rel1/bin/../lib/gcc/arm-none-eabi/13.2.1/thumb/v7e-m+dp/hard\libc_nano.a(libc_a-localeconv.o)
                              C:/Users/Godwin/13.2 Rel1/bin/../lib/gcc/arm-none-eabi/13.2.1/thumb/v7e-m+dp/hard\libc_nano.a(libc_a-nano-vfprintf_float.o) (_localeconv_r)
C:/Users/Godwin/13.2 Rel1/bin/../lib/gcc/arm-none-eabi/13.2.1/thumb/v7e-m+dp/hard\libc_nano.a(libc_a-closer.o)
                              C:/Users/Godwin/13.2 Rel1/bin/../lib/gcc/arm-none-eabi/13.2.1/thumb/v7e-m+dp/hard\libc_nano.a(libc_a-stdio.o) (_close_r)
C:/Users/Godwin/13.2 Rel1/bin/../lib/gcc/arm-none-eabi/13.2.1/thumb/v7e-m+dp/hard\libc_nano.a(libc_a-reent.o)
                              C:/Users/Godwin/13.2 Rel1/bin/../lib/gcc/arm-none-eabi/13.2.1/thumb/v7e-m+dp/hard\libc_nano.a(libc_a-closer.o) (errno)
C:/Users/Godwin/13.2 Rel1/bin/../lib/gcc/arm-none-eabi/13.2.1/thumb/v7e-m+dp/hard\libc_nano.a(libc_a-impure.o)
                              C:/Users/Godwin/13.2 Rel1/bin/../lib/gcc/arm-none-eabi/13.2.1/thumb/v7e-m+dp/hard\libc_nano.a(libc_a-malloc.o) (_impure_ptr)
C:/Users/Godwin/13.2 Rel1/bin/../lib/gcc/arm-none-eabi/13.2.1/thumb/v7e-m+dp/hard\libc_nano.a(libc_a-lseekr.o)
                              C:/Users/Godwin/13.2 Rel1/bin/../lib/gcc/arm-none-eabi/13.2.1/thumb/v7e-m+dp/hard\libc_nano.a(libc_a-stdio.o) (_lseek_r)
[...]
Memory Configuration

Name             Origin             Length             Attributes
RAM              0x24000000         0x00020000         xrw
RAM_D2           0x30000000         0x00008000         xrw
RAM_D3           0x38000000         0x00004000         xrw
ITCMRAM          0x00000000         0x00010000         xrw
FLASH            0x08000000         0x00100000         xr
DTCMRAM          0x20000000         0x00020000         xrw
*default*        0x00000000         0xffffffff

Linker script and memory map

LOAD C:/Users/Godwin/13.2 Rel1/bin/../lib/gcc/arm-none-eabi/13.2.1/thumb/v7e-m+dp/hard/crti.o
LOAD C:/Users/Godwin/13.2 Rel1/bin/../lib/gcc/arm-none-eabi/13.2.1/thumb/v7e-m+dp/hard/crtbegin.o
LOAD C:/Users/Godwin/13.2 Rel1/bin/../lib/gcc/arm-none-eabi/13.2.1/thumb/v7e-m+dp/hard/crt0.o
LOAD build/main.o
LOAD build/iwdg.o
LOAD build/stm32h7xx_it.o
LOAD build/stm32h7xx_hal_msp.o
LOAD build/stm32h7xx_hal_timebase_tim.o
LOAD build/usb_device.o
LOAD build/usbd_desc.o
LOAD build/usbd_cdc_if.o
LOAD build/usbd_conf.o
LOAD build/stm32h7xx_hal_pcd.o
LOAD build/stm32h7xx_hal_pcd_ex.o
LOAD build/stm32h7xx_ll_usb.o
LOAD build/stm32h7xx_hal_rcc.o
LOAD build/stm32h7xx_hal_rcc_ex.o
LOAD build/stm32h7xx_hal_flash.o
LOAD build/stm32h7xx_hal_flash_ex.o
LOAD build/stm32h7xx_hal_gpio.o
LOAD build/stm32h7xx_hal_hsem.o
LOAD build/stm32h7xx_hal_dma.o
LOAD build/stm32h7xx_hal_dma_ex.o
LOAD build/stm32h7xx_hal_mdma.o
LOAD build/stm32h7xx_hal_pwr.o
LOAD build/stm32h7xx_hal_pwr_ex.o
LOAD build/stm32h7xx_hal_cortex.o
LOAD build/stm32h7xx_hal.o
LOAD build/stm32h7xx_hal_i2c.o
LOAD build/stm32h7xx_hal_i2c_ex.o
LOAD build/stm32h7xx_hal_exti.o
LOAD build/stm32h7xx_hal_fdcan.o
LOAD build/stm32h7xx_hal_ospi.o
LOAD build/stm32h7xx_hal_spi.o
LOAD build/stm32h7xx_hal_spi_ex.o
LOAD build/stm32h7xx_hal_tim.o
LOAD build/stm32h7xx_hal_tim_ex.o
LOAD build/stm32h7xx_hal_uart.o
LOAD build/stm32h7xx_hal_uart_ex.o
LOAD build/stm32h7xx_hal_iwdg.o
LOAD build/system_stm32h7xx.o
LOAD build/usbd_core.o
LOAD build/usbd_ctlreq.o
LOAD build/usbd_ioreq.o
LOAD build/usbd_cdc.o
LOAD build/freertos.o
LOAD build/croutine.o
LOAD build/event_groups.o
LOAD build/list.o
LOAD build/queue.o
LOAD build/stream_buffer.o
LOAD build/tasks.o
LOAD build/timers.o
LOAD build/cmsis_os2.o
LOAD build/heap_4.o
LOAD build/port.o
LOAD build/sysmem.o
LOAD build/syscalls.o
LOAD build/gpio.o
LOAD build/dma.o
LOAD build/fdcan.o
LOAD build/memorymap.o
LOAD build/octospi.o
LOAD build/spi.o
LOAD build/tim.o
LOAD build/usart.o
LOAD build/BMI088driver.o
LOAD build/BMI088Middleware.o
LOAD build/ws2812.o
LOAD build/w25q64.o
LOAD build/ui_interface.o
LOAD build/ui_g.o
LOAD build/AHRS_middleware.o
LOAD build/CRC8_CRC16.o
LOAD build/fifo.o
LOAD build/Kalman_Filter_c.o
LOAD build/madgwick.o
LOAD build/MahonyAHRS.o
LOAD build/pid.o
LOAD build/ramp_generator.o
LOAD build/UART_data_txrx.o
LOAD build/CAN_receive_send.o
LOAD build/Stm32_time.o
LOAD build/motor.o
LOAD build/dm4310_drv.o
LOAD build/dm_arm.o
LOAD build/supercup.o
LOAD build/IMU_updata.o
LOAD build/DT7.o
LOAD build/VT13.o
LOAD build/LED.o
LOAD build/referee_system.o
LOAD build/buzzer.o
LOAD build/remote_control.o
LOAD build/Chassis.o
LOAD build/Gimbal.o
LOAD build/Global_status.o
LOAD build/USB_VirCom.o
LOAD build/Auto_control.o
LOAD build/limit_filter.o
LOAD build/Power_switch.o
LOAD build/Shoot.o
LOAD build/ui.o
LOAD build/music.o
LOAD build/startup_stm32h723xx.o
LOAD Algorithm/AHRS.lib
LOAD C:/Users/Godwin/13.2 Rel1/bin/../lib/gcc/arm-none-eabi/13.2.1/thumb/v7e-m+dp/hard\libc_nano.a
LOAD C:/Users/Godwin/13.2 Rel1/bin/../lib/gcc/arm-none-eabi/13.2.1/thumb/v7e-m+dp/hard\libm.a
LOAD C:/Users/Godwin/13.2 Rel1/bin/../lib/gcc/arm-none-eabi/13.2.1/thumb/v7e-m+dp/hard\libnosys.a
LOAD C:/Users/Godwin/13.2 Rel1/bin/../lib/gcc/arm-none-eabi/13.2.1/thumb/v7e-m+dp/hard\libc_nano.a
LOAD C:/Users/Godwin/13.2 Rel1/bin/../lib/gcc/arm-none-eabi/13.2.1/thumb/v7e-m+dp/hard\librdimon_nano.a
START GROUP
LOAD C:/Users/Godwin/13.2 Rel1/bin/../lib/gcc/arm-none-eabi/13.2.1/thumb/v7e-m+dp/hard\libgcc.a
LOAD C:/Users/Godwin/13.2 Rel1/bin/../lib/gcc/arm-none-eabi/13.2.1/thumb/v7e-m+dp/hard\libc_nano.a
END GROUP
START GROUP
LOAD C:/Users/Godwin/13.2 Rel1/bin/../lib/gcc/arm-none-eabi/13.2.1/thumb/v7e-m+dp/hard\libgcc.a
LOAD C:/Users/Godwin/13.2 Rel1/bin/../lib/gcc/arm-none-eabi/13.2.1/thumb/v7e-m+dp/hard\libc_nano.a
END GROUP
LOAD C:/Users/Godwin/13.2 Rel1/bin/../lib/gcc/arm-none-eabi/13.2.1/thumb/v7e-m+dp/hard/crtend.o
LOAD C:/Users/Godwin/13.2 Rel1/bin/../lib/gcc/arm-none-eabi/13.2.1/thumb/v7e-m+dp/hard/crtn.o
                0x24020000                        _estack = (ORIGIN (RAM) + LENGTH (RAM))
                0x00000200                        _Min_Heap_Size = 0x200
                0x00000400                        _Min_Stack_Size = 0x400

.isr_vector     0x08000000      0x2cc
                0x08000000                        . = ALIGN (0x4)
 *(.isr_vector)
 .isr_vector    0x08000000      0x2cc build/startup_stm32h723xx.o
                0x08000000                g_pfnVectors
                0x080002cc                        . = ALIGN (0x4)

.text           0x080002d0    0x22c2c
                0x080002d0                        . = ALIGN (0x4)
 *(.text)
 .text          0x080002d0       0xa0 C:/Users/Godwin/13.2 Rel1/bin/../lib/gcc/arm-none-eabi/13.2.1/thumb/v7e-m+dp/hard\libc_nano.a(libc_a-memchr.o)
                0x080002d0                memchr
 .text          0x08000370       0x10 C:/Users/Godwin/13.2 Rel1/bin/../lib/gcc/arm-none-eabi/13.2.1/thumb/v7e-m+dp/hard\libc_nano.a(libc_a-strlen.o)
                0x08000370                strlen
 .text          0x08000380       0x9a C:/Users/Godwin/13.2 Rel1/bin/../lib/gcc/arm-none-eabi/13.2.1/thumb/v7e-m+dp/hard\libc_nano.a(libc_a-aeabi_memset-soft.o)
                0x08000380                __aeabi_memset8
                0x08000380                __aeabi_memset4
                0x08000380                __aeabi_memset
 *fill*         0x0800041a        0x2 
 .text          0x0800041c      0x21c C:/Users/Godwin/13.2 Rel1/bin/../lib/gcc/arm-none-eabi/13.2.1/thumb/v7e-m+dp/hard\libgcc.a(_arm_addsubsf3.o)
                0x0800041c                __aeabi_frsub
                0x08000424                __subsf3
                0x08000424                __aeabi_fsub
                0x08000428                __aeabi_fadd
                0x08000428                __addsf3
                0x08000588                __aeabi_ui2f
                0x08000588                __floatunsisf
                0x08000590                __aeabi_i2f
                0x08000590                __floatsisf
                0x080005ac                __aeabi_ul2f
                0x080005ac                __floatundisf
                0x080005bc                __aeabi_l2f
                0x080005bc                __floatdisf
 .text          0x08000638       0x30 C:/Users/Godwin/13.2 Rel1/bin/../lib/gcc/arm-none-eabi/13.2.1/thumb/v7e-m+dp/hard\libgcc.a(_aeabi_uldivmod.o)
                0x08000638                __aeabi_uldivmod
 .text          0x08000668        0x4 C:/Users/Godwin/13.2 Rel1/bin/../lib/gcc/arm-none-eabi/13.2.1/thumb/v7e-m+dp/hard\libgcc.a(_dvmd_tls.o)
                0x08000668                __aeabi_idiv0
                0x08000668                __aeabi_ldiv0
 *(.text*)
 .text.deregister_tm_clones
                0x0800066c       0x1c C:/Users/Godwin/13.2 Rel1/bin/../lib/gcc/arm-none-eabi/13.2.1/thumb/v7e-m+dp/hard/crtbegin.o
 .text.register_tm_clones
                0x08000688       0x24 C:/Users/Godwin/13.2 Rel1/bin/../lib/gcc/arm-none-eabi/13.2.1/thumb/v7e-m+dp/hard/crtbegin.o
 .text.__do_global_dtors_aux
                0x080006ac       0x28 C:/Users/Godwin/13.2 Rel1/bin/../lib/gcc/arm-none-eabi/13.2.1/thumb/v7e-m+dp/hard/crtbegin.o
 .text.frame_dummy
                0x080006d4       0x24 C:/Users/Godwin/13.2 Rel1/bin/../lib/gcc/arm-none-eabi/13.2.1/thumb/v7e-m+dp/hard/crtbegin.o
 .text.main     0x080006f8       0xac build/main.o
                0x080006f8                main
 .text.SystemClock_Config
                0x080007a4      0x104 build/main.o
                0x080007a4                SystemClock_Config
 .text.MPU_Config
                0x080008a8       0xa0 build/main.o
 .text.HAL_TIM_PeriodElapsedCallback
                0x08000948       0x58 build/main.o
                0x08000948                HAL_TIM_PeriodElapsedCallback
 .text.Error_Handler
                0x080009a0        0xc build/main.o
                0x080009a0                Error_Handler
 .text.MX_IWDG1_Init
                0x080009ac       0x3c build/iwdg.o
                0x080009ac                MX_IWDG1_Init
 .text.NMI_Handler
                0x080009e8        0x8 build/stm32h7xx_it.o
                0x080009e8                NMI_Handler
 .text.HardFault_Handler
                0x080009f0        0x8 build/stm32h7xx_it.o
                0x080009f0                HardFault_Handler
 .text.MemManage_Handler
                0x080009f8        0x8 build/stm32h7xx_it.o
                0x080009f8                MemManage_Handler
 .text.BusFault_Handler
                0x08000a00        0x8 build/stm32h7xx_it.o
                0x08000a00                BusFault_Handler
 .text.UsageFault_Handler
                0x08000a08        0x8 build/stm32h7xx_it.o
                0x08000a08                UsageFault_Handler
 .text.DebugMon_Handler
                0x08000a10        0xe build/stm32h7xx_it.o
                0x08000a10                DebugMon_Handler
 *fill*         0x08000a1e        0x2 
 .text.DMA1_Stream0_IRQHandler
                0x08000a20       0x14 build/stm32h7xx_it.o
                0x08000a20                DMA1_Stream0_IRQHandler
 .text.DMA1_Stream1_IRQHandler
                0x08000a34       0x14 build/stm32h7xx_it.o
                0x08000a34                DMA1_Stream1_IRQHandler
 .text.DMA1_Stream2_IRQHandler
                0x08000a48       0x14 build/stm32h7xx_it.o
                0x08000a48                DMA1_Stream2_IRQHandler
 .text.DMA1_Stream3_IRQHandler
                0x08000a5c       0x14 build/stm32h7xx_it.o
                0x08000a5c                DMA1_Stream3_IRQHandler
 .text.DMA1_Stream4_IRQHandler
                0x08000a70       0x14 build/stm32h7xx_it.o
                0x08000a70                DMA1_Stream4_IRQHandler
 .text.DMA1_Stream5_IRQHandler
                0x08000a84       0x14 build/stm32h7xx_it.o
                0x08000a84                DMA1_Stream5_IRQHandler
 .text.DMA1_Stream6_IRQHandler
                0x08000a98       0x14 build/stm32h7xx_it.o
                0x08000a98                DMA1_Stream6_IRQHandler
 .text.FDCAN1_IT0_IRQHandler
                0x08000aac       0x14 build/stm32h7xx_it.o
                0x08000aac                FDCAN1_IT0_IRQHandler
 .text.FDCAN2_IT0_IRQHandler
                0x08000ac0       0x14 build/stm32h7xx_it.o
                0x08000ac0                FDCAN2_IT0_IRQHandler
 .text.FDCAN1_IT1_IRQHandler
                0x08000ad4       0x14 build/stm32h7xx_it.o
                0x08000ad4                FDCAN1_IT1_IRQHandler
 .text.FDCAN2_IT1_IRQHandler
                0x08000ae8       0x14 build/stm32h7xx_it.o
                0x08000ae8                FDCAN2_IT1_IRQHandler
 .text.SPI2_IRQHandler
                0x08000afc       0x14 build/stm32h7xx_it.o
                0x08000afc                SPI2_IRQHandler
 .text.USART1_IRQHandler
                0x08000b10       0x14 build/stm32h7xx_it.o
                0x08000b10                USART1_IRQHandler
 .text.USART2_IRQHandler
                0x08000b24       0x14 build/stm32h7xx_it.o
                0x08000b24                USART2_IRQHandler
 .text.USART3_IRQHandler
                0x08000b38       0x14 build/stm32h7xx_it.o
                0x08000b38                USART3_IRQHandler
 .text.TIM8_BRK_TIM12_IRQHandler
                0x08000b4c       0x14 build/stm32h7xx_it.o
                0x08000b4c                TIM8_BRK_TIM12_IRQHandler
 .text.TIM8_UP_TIM13_IRQHandler
                0x08000b60       0x14 build/stm32h7xx_it.o
                0x08000b60                TIM8_UP_TIM13_IRQHandler
 .text.TIM8_TRG_COM_TIM14_IRQHandler
                0x08000b74       0x14 build/stm32h7xx_it.o
                0x08000b74                TIM8_TRG_COM_TIM14_IRQHandler
 .text.DMA1_Stream7_IRQHandler
                0x08000b88       0x14 build/stm32h7xx_it.o
                0x08000b88                DMA1_Stream7_IRQHandler
 .text.UART5_IRQHandler
                0x08000b9c       0x14 build/stm32h7xx_it.o
                0x08000b9c                UART5_IRQHandler
 .text.DMA2_Stream0_IRQHandler
                0x08000bb0       0x14 build/stm32h7xx_it.o
                0x08000bb0                DMA2_Stream0_IRQHandler
 .text.DMA2_Stream1_IRQHandler
                0x08000bc4       0x14 build/stm32h7xx_it.o
                0x08000bc4                DMA2_Stream1_IRQHandler
 .text.DMA2_Stream2_IRQHandler
                0x08000bd8       0x14 build/stm32h7xx_it.o
                0x08000bd8                DMA2_Stream2_IRQHandler
 .text.DMA2_Stream3_IRQHandler
                0x08000bec       0x14 build/stm32h7xx_it.o
                0x08000bec                DMA2_Stream3_IRQHandler
 .text.DMA2_Stream4_IRQHandler
                0x08000c00       0x14 build/stm32h7xx_it.o
                0x08000c00                DMA2_Stream4_IRQHandler
 .text.OTG_HS_IRQHandler
                0x08000c14       0x14 build/stm32h7xx_it.o
                0x08000c14                OTG_HS_IRQHandler
 .text.UART7_IRQHandler
                0x08000c28       0x14 build/stm32h7xx_it.o
                0x08000c28                UART7_IRQHandler
 .text.USART10_IRQHandler
                0x08000c3c       0x14 build/stm32h7xx_it.o
                0x08000c3c                USART10_IRQHandler
 .text.FDCAN3_IT0_IRQHandler
                0x08000c50       0x14 build/stm32h7xx_it.o
                0x08000c50                FDCAN3_IT0_IRQHandler
 .text.FDCAN3_IT1_IRQHandler
                0x08000c64       0x14 build/stm32h7xx_it.o
                0x08000c64                FDCAN3_IT1_IRQHandler
 .text.TIM23_IRQHandler
                0x08000c78       0x14 build/stm32h7xx_it.o
                0x08000c78                TIM23_IRQHandler
 .text.HAL_MspInit
                0x08000c8c       0x3c build/stm32h7xx_hal_msp.o
                0x08000c8c                HAL_MspInit
 .text.HAL_InitTick
                0x08000cc8       0xc4 build/stm32h7xx_hal_timebase_tim.o
                0x08000cc8                HAL_InitTick
 .text.MX_USB_DEVICE_Init
                0x08000d8c       0x64 build/usb_device.o
                0x08000d8c                MX_USB_DEVICE_Init
 .text.USBD_HS_DeviceDescriptor
                0x08000df0       0x24 build/usbd_desc.o
                0x08000df0                USBD_HS_DeviceDescriptor
 .text.USBD_HS_LangIDStrDescriptor
                0x08000e14       0x24 build/usbd_desc.o
                0x08000e14                USBD_HS_LangIDStrDescriptor
 .text.USBD_HS_ProductStrDescriptor
                0x08000e38       0x3c build/usbd_desc.o
                0x08000e38                USBD_HS_ProductStrDescriptor
 .text.USBD_HS_ManufacturerStrDescriptor
                0x08000e74       0x28 build/usbd_desc.o
                0x08000e74                USBD_HS_ManufacturerStrDescriptor
 .text.USBD_HS_SerialStrDescriptor
                0x08000e9c       0x24 build/usbd_desc.o
                0x08000e9c                USBD_HS_SerialStrDescriptor
 .text.USBD_HS_ConfigStrDescriptor
                0x08000ec0       0x3c build/usbd_desc.o
                0x08000ec0                USBD_HS_ConfigStrDescriptor
 .text.USBD_HS_InterfaceStrDescriptor
                0x08000efc       0x3c build/usbd_desc.o
                0x08000efc                USBD_HS_InterfaceStrDescriptor
 .text.Get_SerialNum
                0x08000f38       0x58 build/usbd_desc.o
 .text.IntToUnicode
                0x08000f90       0x7e build/usbd_desc.o
 *fill*         0x0800100e        0x2 
 .text.CDC_Init_HS
                0x08001010       0x3c build/usbd_cdc_if.o
 .text.CDC_DeInit_HS
                0x0800104c       0x10 build/usbd_cdc_if.o
 .text.CDC_Control_HS
                0x0800105c       0xbc build/usbd_cdc_if.o
 .text.CDC_Receive_HS
                0x08001118       0x34 build/usbd_cdc_if.o
 .text.CDC_Transmit_HS
                0x0800114c       0x4c build/usbd_cdc_if.o
                0x0800114c                CDC_Transmit_HS
 .text.CDC_TransmitCplt_HS
                0x08001198       0x4c build/usbd_cdc_if.o
 .text.HAL_PCD_MspInit
                0x080011e4       0x8c build/usbd_conf.o
                0x080011e4                HAL_PCD_MspInit
 .text.HAL_PCD_SetupStageCallback
                0x08001270       0x24 build/usbd_conf.o
                0x08001270                HAL_PCD_SetupStageCallback
 .text.HAL_PCD_DataOutStageCallback
                0x08001294       0x36 build/usbd_conf.o
                0x08001294                HAL_PCD_DataOutStageCallback
 .text.HAL_PCD_DataInStageCallback
                0x080012ca       0x34 build/usbd_conf.o
                0x080012ca                HAL_PCD_DataInStageCallback
 .text.HAL_PCD_SOFCallback
                0x080012fe       0x1c build/usbd_conf.o
                0x080012fe                HAL_PCD_SOFCallback
 .text.HAL_PCD_ResetCallback
                0x0800131a       0x50 build/usbd_conf.o
                0x0800131a                HAL_PCD_ResetCallback
 *fill*         0x0800136a        0x2 
 .text.HAL_PCD_SuspendCallback
                0x0800136c       0x4c build/usbd_conf.o
                0x0800136c                HAL_PCD_SuspendCallback
 .text.HAL_PCD_ResumeCallback
                0x080013b8       0x1c build/usbd_conf.o
                0x080013b8                HAL_PCD_ResumeCallback
 .text.HAL_PCD_ISOOUTIncompleteCallback
                0x080013d4       0x24 build/usbd_conf.o
                0x080013d4                HAL_PCD_ISOOUTIncompleteCallback
 .text.HAL_PCD_ISOINIncompleteCallback
                0x080013f8       0x24 build/usbd_conf.o
                0x080013f8                HAL_PCD_ISOINIncompleteCallback
 .text.HAL_PCD_ConnectCallback
                0x0800141c       0x1c build/usbd_conf.o
                0x0800141c                HAL_PCD_ConnectCallback
 .text.HAL_PCD_DisconnectCallback
                0x08001438       0x1c build/usbd_conf.o
                0x08001438                HAL_PCD_DisconnectCallback
 .text.USBD_LL_Init
                0x08001454       0xa4 build/usbd_conf.o
                0x08001454                USBD_LL_Init
 .text.USBD_LL_Start
                0x080014f8       0x36 build/usbd_conf.o
                0x080014f8                USBD_LL_Start
 .text.USBD_LL_OpenEP
                0x0800152e       0x4c build/usbd_conf.o
                0x0800152e                USBD_LL_OpenEP
 .text.USBD_LL_CloseEP
                0x0800157a       0x3e build/usbd_conf.o
                0x0800157a                USBD_LL_CloseEP
 .text.USBD_LL_StallEP
                0x080015b8       0x3e build/usbd_conf.o
                0x080015b8                USBD_LL_StallEP
 .text.USBD_LL_ClearStallEP
                0x080015f6       0x3e build/usbd_conf.o
                0x080015f6                USBD_LL_ClearStallEP
 .text.USBD_LL_IsStallEP
                0x08001634       0x58 build/usbd_conf.o
                0x08001634                USBD_LL_IsStallEP
 .text.USBD_LL_SetUSBAddress
                0x0800168c       0x3e build/usbd_conf.o
                0x0800168c                USBD_LL_SetUSBAddress
 .text.USBD_LL_Transmit
                0x080016ca       0x42 build/usbd_conf.o
                0x080016ca                USBD_LL_Transmit
 .text.USBD_LL_PrepareReceive
                0x0800170c       0x42 build/usbd_conf.o
                0x0800170c                USBD_LL_PrepareReceive
 .text.USBD_LL_GetRxDataSize
                0x0800174e       0x26 build/usbd_conf.o
                0x0800174e                USBD_LL_GetRxDataSize
 .text.USBD_static_malloc
                0x08001774       0x1c build/usbd_conf.o
                0x08001774                USBD_static_malloc
 .text.USBD_static_free
                0x08001790       0x14 build/usbd_conf.o
                0x08001790                USBD_static_free
 .text.USBD_Get_USB_Status
                0x080017a4       0x58 build/usbd_conf.o
                0x080017a4                USBD_Get_USB_Status
 .text.HAL_PCD_Init
                0x080017fc      0x218 build/stm32h7xx_hal_pcd.o
                0x080017fc                HAL_PCD_Init
 .text.HAL_PCD_Start
                0x08001a14       0x6a build/stm32h7xx_hal_pcd.o
                0x08001a14                HAL_PCD_Start
 .text.HAL_PCD_IRQHandler
                0x08001a7e      0x99c build/stm32h7xx_hal_pcd.o
                0x08001a7e                HAL_PCD_IRQHandler
 .text.HAL_PCD_SetAddress
                0x0800241a       0x48 build/stm32h7xx_hal_pcd.o
                0x0800241a                HAL_PCD_SetAddress
 .text.HAL_PCD_EP_Open
                0x08002462       0xd4 build/stm32h7xx_hal_pcd.o
                0x08002462                HAL_PCD_EP_Open
 .text.HAL_PCD_EP_Close
                0x08002536       0x94 build/stm32h7xx_hal_pcd.o
                0x08002536                HAL_PCD_EP_Close
 .text.HAL_PCD_EP_Receive
                0x080025ca       0x76 build/stm32h7xx_hal_pcd.o
                0x080025ca                HAL_PCD_EP_Receive
 .text.HAL_PCD_EP_GetRxCount
                0x08002640       0x30 build/stm32h7xx_hal_pcd.o
                0x08002640                HAL_PCD_EP_GetRxCount
 .text.HAL_PCD_EP_Transmit
                0x08002670       0x74 build/stm32h7xx_hal_pcd.o
                0x08002670                HAL_PCD_EP_Transmit
 .text.HAL_PCD_EP_SetStall
                0x080026e4       0xc6 build/stm32h7xx_hal_pcd.o
                0x080026e4                HAL_PCD_EP_SetStall
 .text.HAL_PCD_EP_ClrStall
                0x080027aa       0xac build/stm32h7xx_hal_pcd.o
                0x080027aa                HAL_PCD_EP_ClrStall
 .text.HAL_PCD_EP_Abort
                0x08002856       0x62 build/stm32h7xx_hal_pcd.o
                0x08002856                HAL_PCD_EP_Abort
 .text.PCD_WriteEmptyTxFifo
                0x080028b8      0x118 build/stm32h7xx_hal_pcd.o
 .text.PCD_EP_OutXfrComplete_int
                0x080029d0      0x1d0 build/stm32h7xx_hal_pcd.o
 .text.PCD_EP_OutSetupPacket_int
                0x08002ba0       0x8c build/stm32h7xx_hal_pcd.o
 .text.HAL_PCDEx_SetTxFiFo
                0x08002c2c       0x8e build/stm32h7xx_hal_pcd_ex.o
                0x08002c2c                HAL_PCDEx_SetTxFiFo
 .text.HAL_PCDEx_SetRxFiFo
                0x08002cba       0x22 build/stm32h7xx_hal_pcd_ex.o
                0x08002cba                HAL_PCDEx_SetRxFiFo
 .text.HAL_PCDEx_ActivateLPM
                0x08002cdc       0x48 build/stm32h7xx_hal_pcd_ex.o
                0x08002cdc                HAL_PCDEx_ActivateLPM
 .text.HAL_PCDEx_LPM_Callback
                0x08002d24       0x18 build/stm32h7xx_hal_pcd_ex.o
                0x08002d24                HAL_PCDEx_LPM_Callback
 .text.USB_CoreInit
                0x08002d3c       0xe4 build/stm32h7xx_ll_usb.o
                0x08002d3c                USB_CoreInit
 .text.USB_SetTurnaroundTime
                0x08002e20      0x144 build/stm32h7xx_ll_usb.o
                0x08002e20                USB_SetTurnaroundTime
 .text.USB_EnableGlobalInt
                0x08002f64       0x22 build/stm32h7xx_ll_usb.o
                0x08002f64                USB_EnableGlobalInt
 .text.USB_DisableGlobalInt
                0x08002f86       0x22 build/stm32h7xx_ll_usb.o
                0x08002f86                USB_DisableGlobalInt
 .text.USB_SetCurrentMode
                0x08002fa8       0x98 build/stm32h7xx_ll_usb.o
                0x08002fa8                USB_SetCurrentMode
 .text.USB_DevInit
                0x08003040      0x2bc build/stm32h7xx_ll_usb.o
                0x08003040                USB_DevInit
 .text.USB_FlushTxFifo
                0x080032fc       0x64 build/stm32h7xx_ll_usb.o
                0x080032fc                USB_FlushTxFifo
 .text.USB_FlushRxFifo
                0x08003360       0x5c build/stm32h7xx_ll_usb.o
                0x08003360                USB_FlushRxFifo
 .text.USB_SetDevSpeed
                0x080033bc       0x32 build/stm32h7xx_ll_usb.o
                0x080033bc                USB_SetDevSpeed
 .text.USB_GetDevSpeed
                0x080033ee       0x4a build/stm32h7xx_ll_usb.o
                0x080033ee                USB_GetDevSpeed
 .text.USB_ActivateEndpoint
                0x08003438      0x110 build/stm32h7xx_ll_usb.o
                0x08003438                USB_ActivateEndpoint
 .text.USB_DeactivateEndpoint
                0x08003548      0x1b8 build/stm32h7xx_ll_usb.o
                0x08003548                USB_DeactivateEndpoint
 .text.USB_EPStartXfer
                0x08003700      0x548 build/stm32h7xx_ll_usb.o
                0x08003700                USB_EPStartXfer
 .text.USB_EPStopXfer
                0x08003c48      0x154 build/stm32h7xx_ll_usb.o
                0x08003c48                USB_EPStopXfer
 .text.USB_WritePacket
                0x08003d9c       0x7c build/stm32h7xx_ll_usb.o
                0x08003d9c                USB_WritePacket
 .text.USB_ReadPacket
                0x08003e18       0xb0 build/stm32h7xx_ll_usb.o
                0x08003e18                USB_ReadPacket
 .text.USB_EPSetStall
                0x08003ec8       0xdc build/stm32h7xx_ll_usb.o
                0x08003ec8                USB_EPSetStall
 .text.USB_EPClearStall
                0x08003fa4       0xcc build/stm32h7xx_ll_usb.o
                0x08003fa4                USB_EPClearStall
 .text.USB_SetDevAddress
                0x08004070       0x4c build/stm32h7xx_ll_usb.o
                0x08004070                USB_SetDevAddress
 .text.USB_DevConnect
                0x080040bc       0x42 build/stm32h7xx_ll_usb.o
                0x080040bc                USB_DevConnect
 .text.USB_DevDisconnect
                0x080040fe       0x42 build/stm32h7xx_ll_usb.o
                0x080040fe                USB_DevDisconnect
 .text.USB_ReadInterrupts
                0x08004140       0x26 build/stm32h7xx_ll_usb.o
                0x08004140                USB_ReadInterrupts
 .text.USB_ReadDevAllOutEpInterrupt
                0x08004166       0x34 build/stm32h7xx_ll_usb.o
                0x08004166                USB_ReadDevAllOutEpInterrupt
 .text.USB_ReadDevAllInEpInterrupt
                0x0800419a       0x34 build/stm32h7xx_ll_usb.o
                0x0800419a                USB_ReadDevAllInEpInterrupt
 .text.USB_ReadDevOutEPInterrupt
                0x080041ce       0x3c build/stm32h7xx_ll_usb.o
                0x080041ce                USB_ReadDevOutEPInterrupt
 .text.USB_ReadDevInEPInterrupt
                0x0800420a       0x5c build/stm32h7xx_ll_usb.o
                0x0800420a                USB_ReadDevInEPInterrupt
 .text.USB_GetMode
                0x08004266       0x1c build/stm32h7xx_ll_usb.o
                0x08004266                USB_GetMode
 *fill*         0x08004282        0x2 
 .text.USB_ActivateSetup
                0x08004284       0x48 build/stm32h7xx_ll_usb.o
                0x08004284                USB_ActivateSetup
 .text.USB_EP0_OutStart
                0x080042cc       0xbc build/stm32h7xx_ll_usb.o
                0x080042cc                USB_EP0_OutStart
 .text.USB_CoreReset
                0x08004388       0x62 build/stm32h7xx_ll_usb.o
 *fill*         0x080043ea        0x2 
 .text.HAL_RCC_OscConfig
                0x080043ec      0x7b4 build/stm32h7xx_hal_rcc.o
                0x080043ec                HAL_RCC_OscConfig
 .text.HAL_RCC_ClockConfig
                0x08004ba0      0x36c build/stm32h7xx_hal_rcc.o
                0x08004ba0                HAL_RCC_ClockConfig
 .text.HAL_RCC_MCOConfig
                0x08004f0c       0xd4 build/stm32h7xx_hal_rcc.o
                0x08004f0c                HAL_RCC_MCOConfig
 .text.HAL_RCC_GetSysClockFreq
                0x08004fe0      0x2f4 build/stm32h7xx_hal_rcc.o
                0x08004fe0                HAL_RCC_GetSysClockFreq
 .text.HAL_RCC_GetHCLKFreq
                0x080052d4       0x60 build/stm32h7xx_hal_rcc.o
                0x080052d4                HAL_RCC_GetHCLKFreq
 .text.HAL_RCC_GetPCLK1Freq
                0x08005334       0x2c build/stm32h7xx_hal_rcc.o
                0x08005334                HAL_RCC_GetPCLK1Freq
 .text.HAL_RCC_GetPCLK2Freq
                0x08005360       0x2c build/stm32h7xx_hal_rcc.o
                0x08005360                HAL_RCC_GetPCLK2Freq
 .text.HAL_RCC_GetClockConfig
                0x0800538c       0x84 build/stm32h7xx_hal_rcc.o
                0x0800538c                HAL_RCC_GetClockConfig
 .text.HAL_RCCEx_PeriphCLKConfig
                0x08005410     0x1340 build/stm32h7xx_hal_rcc_ex.o
                0x08005410                HAL_RCCEx_PeriphCLKConfig
 .text.HAL_RCCEx_GetD3PCLK1Freq
                0x08006750       0x2c build/stm32h7xx_hal_rcc_ex.o
                0x08006750                HAL_RCCEx_GetD3PCLK1Freq
 .text.HAL_RCCEx_GetPLL2ClockFreq
                0x0800677c      0x2a8 build/stm32h7xx_hal_rcc_ex.o
                0x0800677c                HAL_RCCEx_GetPLL2ClockFreq
 .text.HAL_RCCEx_GetPLL3ClockFreq
                0x08006a24      0x2a8 build/stm32h7xx_hal_rcc_ex.o
                0x08006a24                HAL_RCCEx_GetPLL3ClockFreq
 .text.RCCEx_PLL2_Config
                0x08006ccc      0x164 build/stm32h7xx_hal_rcc_ex.o
 .text.RCCEx_PLL3_Config
                0x08006e30      0x164 build/stm32h7xx_hal_rcc_ex.o
 .text.HAL_GPIO_Init
                0x08006f94      0x350 build/stm32h7xx_hal_gpio.o
                0x08006f94                HAL_GPIO_Init
 .text.HAL_GPIO_DeInit
                0x080072e4      0x204 build/stm32h7xx_hal_gpio.o
                0x080072e4                HAL_GPIO_DeInit
 .text.HAL_GPIO_WritePin
                0x080074e8       0x32 build/stm32h7xx_hal_gpio.o
                0x080074e8                HAL_GPIO_WritePin
 *fill*         0x0800751a        0x2 
 .text.HAL_DMA_Init
                0x0800751c      0x6b0 build/stm32h7xx_hal_dma.o
                0x0800751c                HAL_DMA_Init
 .text.HAL_DMA_Start_IT
                0x08007bcc      0x4d4 build/stm32h7xx_hal_dma.o
                0x08007bcc                HAL_DMA_Start_IT
 .text.HAL_DMA_Abort
                0x080080a0      0x63c build/stm32h7xx_hal_dma.o
                0x080080a0                HAL_DMA_Abort
 .text.HAL_DMA_Abort_IT
                0x080086dc      0x48c build/stm32h7xx_hal_dma.o
                0x080086dc                HAL_DMA_Abort_IT
 .text.HAL_DMA_IRQHandler
                0x08008b68      0xe54 build/stm32h7xx_hal_dma.o
                0x08008b68                HAL_DMA_IRQHandler
 .text.DMA_SetConfig
                0x080099bc      0x358 build/stm32h7xx_hal_dma.o
 .text.DMA_CalcBaseAndBitshift
                0x08009d14      0x164 build/stm32h7xx_hal_dma.o
 .text.DMA_CheckFifoParam
                0x08009e78       0xf8 build/stm32h7xx_hal_dma.o
 .text.DMA_CalcDMAMUXChannelBaseAndMask
                0x08009f70      0x134 build/stm32h7xx_hal_dma.o
 .text.DMA_CalcDMAMUXRequestGenBaseAndMask
                0x0800a0a4       0xe8 build/stm32h7xx_hal_dma.o
 .text.HAL_PWREx_ConfigSupply
                0x0800a18c       0x74 build/stm32h7xx_hal_pwr_ex.o
                0x0800a18c                HAL_PWREx_ConfigSupply
 .text.HAL_PWREx_EnableUSBVoltageDetector
                0x0800a200       0x20 build/stm32h7xx_hal_pwr_ex.o
                0x0800a200                HAL_PWREx_EnableUSBVoltageDetector
 .text.__NVIC_SetPriorityGrouping
                0x0800a220       0x48 build/stm32h7xx_hal_cortex.o
 .text.__NVIC_GetPriorityGrouping
                0x0800a268       0x1c build/stm32h7xx_hal_cortex.o
 .text.__NVIC_EnableIRQ
                0x0800a284       0x3c build/stm32h7xx_hal_cortex.o
 .text.__NVIC_DisableIRQ
                0x0800a2c0       0x48 build/stm32h7xx_hal_cortex.o
 .text.__NVIC_SetPriority
                0x0800a308       0x54 build/stm32h7xx_hal_cortex.o
 .text.NVIC_EncodePriority
                0x0800a35c       0x66 build/stm32h7xx_hal_cortex.o
 .text.HAL_NVIC_SetPriorityGrouping
                0x0800a3c2       0x16 build/stm32h7xx_hal_cortex.o
                0x0800a3c2                HAL_NVIC_SetPriorityGrouping
 .text.HAL_NVIC_SetPriority
                0x0800a3d8       0x34 build/stm32h7xx_hal_cortex.o
                0x0800a3d8                HAL_NVIC_SetPriority
 .text.HAL_NVIC_EnableIRQ
                0x0800a40c       0x1c build/stm32h7xx_hal_cortex.o
                0x0800a40c                HAL_NVIC_EnableIRQ
 .text.HAL_NVIC_DisableIRQ
                0x0800a428       0x1c build/stm32h7xx_hal_cortex.o
                0x0800a428                HAL_NVIC_DisableIRQ
 .text.HAL_MPU_Disable
                0x0800a444       0x30 build/stm32h7xx_hal_cortex.o
                0x0800a444                HAL_MPU_Disable
 .text.HAL_MPU_Enable
                0x0800a474       0x40 build/stm32h7xx_hal_cortex.o
                0x0800a474                HAL_MPU_Enable
 .text.HAL_MPU_ConfigRegion
                0x0800a4b4       0x80 build/stm32h7xx_hal_cortex.o
                0x0800a4b4                HAL_MPU_ConfigRegion
 .text.HAL_Init
                0x0800a534       0x78 build/stm32h7xx_hal.o
                0x0800a534                HAL_Init
 .text.HAL_IncTick
                0x0800a5ac       0x28 build/stm32h7xx_hal.o
                0x0800a5ac                HAL_IncTick
 .text.HAL_GetTick
                0x0800a5d4       0x18 build/stm32h7xx_hal.o
                0x0800a5d4                HAL_GetTick
 .text.HAL_Delay
                0x0800a5ec       0x48 build/stm32h7xx_hal.o
                0x0800a5ec                HAL_Delay
 .text.HAL_SYSCFG_AnalogSwitchConfig
                0x0800a634       0x2c build/stm32h7xx_hal.o
                0x0800a634                HAL_SYSCFG_AnalogSwitchConfig
 .text.HAL_FDCAN_Init
                0x0800a660      0x3bc build/stm32h7xx_hal_fdcan.o
                0x0800a660                HAL_FDCAN_Init
 .text.HAL_FDCAN_DeInit
                0x0800aa1c       0x48 build/stm32h7xx_hal_fdcan.o
                0x0800aa1c                HAL_FDCAN_DeInit
 .text.HAL_FDCAN_ConfigFilter
                0x0800aa64       0xec build/stm32h7xx_hal_fdcan.o
                0x0800aa64                HAL_FDCAN_ConfigFilter
 .text.HAL_FDCAN_ConfigGlobalFilter
                0x0800ab50       0x5a build/stm32h7xx_hal_fdcan.o
                0x0800ab50                HAL_FDCAN_ConfigGlobalFilter
 .text.HAL_FDCAN_Start
                0x0800abaa       0x56 build/stm32h7xx_hal_fdcan.o
                0x0800abaa                HAL_FDCAN_Start
 .text.HAL_FDCAN_Stop
                0x0800ac00       0xee build/stm32h7xx_hal_fdcan.o
                0x0800ac00                HAL_FDCAN_Stop
 .text.HAL_FDCAN_AddMessageToTxFifoQ
                0x0800acee       0xb6 build/stm32h7xx_hal_fdcan.o
                0x0800acee                HAL_FDCAN_AddMessageToTxFifoQ
 .text.HAL_FDCAN_GetRxMessage
                0x0800ada4      0x2d8 build/stm32h7xx_hal_fdcan.o
                0x0800ada4                HAL_FDCAN_GetRxMessage
 .text.HAL_FDCAN_ActivateNotification
                0x0800b07c       0xf4 build/stm32h7xx_hal_fdcan.o
                0x0800b07c                HAL_FDCAN_ActivateNotification
 .text.HAL_FDCAN_IRQHandler
                0x0800b170      0x4bc build/stm32h7xx_hal_fdcan.o
                0x0800b170                HAL_FDCAN_IRQHandler
 .text.HAL_FDCAN_ClockCalibrationCallback
                0x0800b62c       0x16 build/stm32h7xx_hal_fdcan.o
                0x0800b62c                HAL_FDCAN_ClockCalibrationCallback
 .text.HAL_FDCAN_TxEventFifoCallback
                0x0800b642       0x16 build/stm32h7xx_hal_fdcan.o
                0x0800b642                HAL_FDCAN_TxEventFifoCallback
 .text.HAL_FDCAN_RxFifo1Callback
                0x0800b658       0x16 build/stm32h7xx_hal_fdcan.o
                0x0800b658                HAL_FDCAN_RxFifo1Callback
 .text.HAL_FDCAN_TxFifoEmptyCallback
                0x0800b66e       0x14 build/stm32h7xx_hal_fdcan.o
                0x0800b66e                HAL_FDCAN_TxFifoEmptyCallback
 .text.HAL_FDCAN_TxBufferCompleteCallback
                0x0800b682       0x16 build/stm32h7xx_hal_fdcan.o
                0x0800b682                HAL_FDCAN_TxBufferCompleteCallback
 .text.HAL_FDCAN_TxBufferAbortCallback
                0x0800b698       0x16 build/stm32h7xx_hal_fdcan.o
                0x0800b698                HAL_FDCAN_TxBufferAbortCallback
 .text.HAL_FDCAN_RxBufferNewMessageCallback
                0x0800b6ae       0x14 build/stm32h7xx_hal_fdcan.o
                0x0800b6ae                HAL_FDCAN_RxBufferNewMessageCallback
 .text.HAL_FDCAN_TimestampWraparoundCallback
                0x0800b6c2       0x14 build/stm32h7xx_hal_fdcan.o
                0x0800b6c2                HAL_FDCAN_TimestampWraparoundCallback
 .text.HAL_FDCAN_TimeoutOccurredCallback
                0x0800b6d6       0x14 build/stm32h7xx_hal_fdcan.o
                0x0800b6d6                HAL_FDCAN_TimeoutOccurredCallback
 .text.HAL_FDCAN_HighPriorityMessageCallback
                0x0800b6ea       0x14 build/stm32h7xx_hal_fdcan.o
                0x0800b6ea                HAL_FDCAN_HighPriorityMessageCallback
 .text.HAL_FDCAN_ErrorStatusCallback
                0x0800b6fe       0x16 build/stm32h7xx_hal_fdcan.o
                0x0800b6fe                HAL_FDCAN_ErrorStatusCallback
 .text.HAL_FDCAN_TT_ScheduleSyncCallback
                0x0800b714       0x16 build/stm32h7xx_hal_fdcan.o
                0x0800b714                HAL_FDCAN_TT_ScheduleSyncCallback
 .text.HAL_FDCAN_TT_TimeMarkCallback
                0x0800b72a       0x16 build/stm32h7xx_hal_fdcan.o
                0x0800b72a                HAL_FDCAN_TT_TimeMarkCallback
 .text.HAL_FDCAN_TT_StopWatchCallback
                0x0800b740       0x18 build/stm32h7xx_hal_fdcan.o
                0x0800b740                HAL_FDCAN_TT_StopWatchCallback
 .text.HAL_FDCAN_TT_GlobalTimeCallback
                0x0800b758       0x16 build/stm32h7xx_hal_fdcan.o
                0x0800b758                HAL_FDCAN_TT_GlobalTimeCallback
 *fill*         0x0800b76e        0x2 
 .text.FDCAN_CalcultateRamBlockAddresses
                0x0800b770      0x30c build/stm32h7xx_hal_fdcan.o
 .text.FDCAN_CopyMessageToRAM
                0x0800ba7c       0xfc build/stm32h7xx_hal_fdcan.o
 .text.HAL_OSPI_Init
                0x0800bb78      0x178 build/stm32h7xx_hal_ospi.o
                0x0800bb78                HAL_OSPI_Init
 .text.HAL_OSPI_SetTimeout
                0x0800bcf0       0x1e build/stm32h7xx_hal_ospi.o
                0x0800bcf0                HAL_OSPI_SetTimeout
 *fill*         0x0800bd0e        0x2 
 .text.HAL_OSPIM_Config
                0x0800bd10      0x9d8 build/stm32h7xx_hal_ospi.o
                0x0800bd10                HAL_OSPIM_Config
 .text.OSPI_WaitFlagStateUntilTimeout
                0x0800c6e8       0x6e build/stm32h7xx_hal_ospi.o
 *fill*         0x0800c756        0x2 
 .text.OSPIM_GetConfig
                0x0800c758      0x174 build/stm32h7xx_hal_ospi.o
 .text.HAL_SPI_Init
                0x0800c8cc      0x248 build/stm32h7xx_hal_spi.o
                0x0800c8cc                HAL_SPI_Init
 .text.HAL_SPI_Transmit
                0x0800cb14      0x3dc build/stm32h7xx_hal_spi.o
                0x0800cb14                HAL_SPI_Transmit
 .text.HAL_SPI_TransmitReceive
                0x0800cef0      0x674 build/stm32h7xx_hal_spi.o
                0x0800cef0                HAL_SPI_TransmitReceive
 .text.HAL_SPI_IRQHandler
                0x0800d564      0x39c build/stm32h7xx_hal_spi.o
                0x0800d564                HAL_SPI_IRQHandler
 .text.HAL_SPI_TxCpltCallback
                0x0800d900       0x14 build/stm32h7xx_hal_spi.o
                0x0800d900                HAL_SPI_TxCpltCallback
 .text.HAL_SPI_RxCpltCallback
                0x0800d914       0x14 build/stm32h7xx_hal_spi.o
                0x0800d914                HAL_SPI_RxCpltCallback
 .text.HAL_SPI_TxRxCpltCallback
                0x0800d928       0x14 build/stm32h7xx_hal_spi.o
                0x0800d928                HAL_SPI_TxRxCpltCallback
 .text.HAL_SPI_ErrorCallback
                0x0800d93c       0x14 build/stm32h7xx_hal_spi.o
                0x0800d93c                HAL_SPI_ErrorCallback
 .text.HAL_SPI_SuspendCallback
                0x0800d950       0x14 build/stm32h7xx_hal_spi.o
                0x0800d950                HAL_SPI_SuspendCallback
 .text.SPI_DMAAbortOnError
                0x0800d964       0x34 build/stm32h7xx_hal_spi.o
 .text.SPI_CloseTransfer
                0x0800d998      0x140 build/stm32h7xx_hal_spi.o
 .text.SPI_WaitOnFlagUntilTimeout
                0x0800dad8       0x5c build/stm32h7xx_hal_spi.o
 .text.SPI_GetPacketSize
                0x0800db34       0x36 build/stm32h7xx_hal_spi.o
 .text.HAL_TIM_Base_Init
                0x0800db6a       0xae build/stm32h7xx_hal_tim.o
                0x0800db6a                HAL_TIM_Base_Init
 .text.HAL_TIM_Base_Start
                0x0800dc18       0xfc build/stm32h7xx_hal_tim.o
                0x0800dc18                HAL_TIM_Base_Start
 .text.HAL_TIM_Base_Start_IT
                0x0800dd14      0x10c build/stm32h7xx_hal_tim.o
                0x0800dd14                HAL_TIM_Base_Start_IT
 .text.HAL_TIM_PWM_Init
                0x0800de20       0xae build/stm32h7xx_hal_tim.o
                0x0800de20                HAL_TIM_PWM_Init
 *fill*         0x0800dece        0x2 
 .text.HAL_TIM_PWM_Start
                0x0800ded0      0x238 build/stm32h7xx_hal_tim.o
                0x0800ded0                HAL_TIM_PWM_Start
 .text.HAL_TIM_IRQHandler
                0x0800e108      0x20e build/stm32h7xx_hal_tim.o
                0x0800e108                HAL_TIM_IRQHandler
 *fill*         0x0800e316        0x2 
 .text.HAL_TIM_PWM_ConfigChannel
                0x0800e318      0x228 build/stm32h7xx_hal_tim.o
                0x0800e318                HAL_TIM_PWM_ConfigChannel
 .text.HAL_TIM_ConfigClockSource
                0x0800e540      0x1f0 build/stm32h7xx_hal_tim.o
                0x0800e540                HAL_TIM_ConfigClockSource
 .text.HAL_TIM_OC_DelayElapsedCallback
                0x0800e730       0x14 build/stm32h7xx_hal_tim.o
                0x0800e730                HAL_TIM_OC_DelayElapsedCallback
 .text.HAL_TIM_IC_CaptureCallback
                0x0800e744       0x14 build/stm32h7xx_hal_tim.o
                0x0800e744                HAL_TIM_IC_CaptureCallback
 .text.HAL_TIM_PWM_PulseFinishedCallback
                0x0800e758       0x14 build/stm32h7xx_hal_tim.o
                0x0800e758                HAL_TIM_PWM_PulseFinishedCallback
 .text.HAL_TIM_TriggerCallback
                0x0800e76c       0x14 build/stm32h7xx_hal_tim.o
                0x0800e76c                HAL_TIM_TriggerCallback
 .text.TIM_Base_SetConfig
                0x0800e780      0x158 build/stm32h7xx_hal_tim.o
                0x0800e780                TIM_Base_SetConfig
 .text.TIM_OC1_SetConfig
                0x0800e8d8      0x120 build/stm32h7xx_hal_tim.o
 .text.TIM_OC2_SetConfig
                0x0800e9f8      0x114 build/stm32h7xx_hal_tim.o
                0x0800e9f8                TIM_OC2_SetConfig
 .text.TIM_OC3_SetConfig
                0x0800eb0c      0x110 build/stm32h7xx_hal_tim.o
 .text.TIM_OC4_SetConfig
                0x0800ec1c       0xd4 build/stm32h7xx_hal_tim.o
 .text.TIM_OC5_SetConfig
                0x0800ecf0       0xc8 build/stm32h7xx_hal_tim.o
 .text.TIM_OC6_SetConfig
                0x0800edb8       0xcc build/stm32h7xx_hal_tim.o
 .text.TIM_TI1_ConfigInputStage
                0x0800ee84       0x5e build/stm32h7xx_hal_tim.o
 .text.TIM_TI2_ConfigInputStage
                0x0800eee2       0x60 build/stm32h7xx_hal_tim.o
 *fill*         0x0800ef42        0x2 
 .text.TIM_ITRx_SetConfig
                0x0800ef44       0x3c build/stm32h7xx_hal_tim.o
 .text.TIM_ETR_SetConfig
                0x0800ef80       0x40 build/stm32h7xx_hal_tim.o
                0x0800ef80                TIM_ETR_SetConfig
 .text.TIM_CCxChannelCmd
                0x0800efc0       0x4a build/stm32h7xx_hal_tim.o
                0x0800efc0                TIM_CCxChannelCmd
 *fill*         0x0800f00a        0x2 
 .text.HAL_TIMEx_MasterConfigSynchronization
                0x0800f00c      0x138 build/stm32h7xx_hal_tim_ex.o
                0x0800f00c                HAL_TIMEx_MasterConfigSynchronization
 .text.HAL_TIMEx_ConfigBreakDeadTime
                0x0800f144      0x118 build/stm32h7xx_hal_tim_ex.o
                0x0800f144                HAL_TIMEx_ConfigBreakDeadTime
 .text.HAL_TIMEx_CommutCallback
                0x0800f25c       0x14 build/stm32h7xx_hal_tim_ex.o
                0x0800f25c                HAL_TIMEx_CommutCallback
 .text.HAL_TIMEx_BreakCallback
                0x0800f270       0x14 build/stm32h7xx_hal_tim_ex.o
                0x0800f270                HAL_TIMEx_BreakCallback
 .text.HAL_TIMEx_Break2Callback
                0x0800f284       0x14 build/stm32h7xx_hal_tim_ex.o
                0x0800f284                HAL_TIMEx_Break2Callback
 .text.HAL_UART_Init
                0x0800f298       0xa0 build/stm32h7xx_hal_uart.o
                0x0800f298                HAL_UART_Init
 .text.HAL_UART_Transmit
                0x0800f338      0x11c build/stm32h7xx_hal_uart.o
                0x0800f338                HAL_UART_Transmit
 .text.HAL_UART_Transmit_DMA
                0x0800f454      0x100 build/stm32h7xx_hal_uart.o
                0x0800f454                HAL_UART_Transmit_DMA
 .text.HAL_UART_IRQHandler
                0x0800f554      0x7ac build/stm32h7xx_hal_uart.o
                0x0800f554                HAL_UART_IRQHandler
 .text.HAL_UART_TxCpltCallback
                0x0800fd00       0x14 build/stm32h7xx_hal_uart.o
                0x0800fd00                HAL_UART_TxCpltCallback
 .text.HAL_UART_TxHalfCpltCallback
                0x0800fd14       0x14 build/stm32h7xx_hal_uart.o
                0x0800fd14                HAL_UART_TxHalfCpltCallback
 .text.HAL_UART_RxHalfCpltCallback
                0x0800fd28       0x14 build/stm32h7xx_hal_uart.o
                0x0800fd28                HAL_UART_RxHalfCpltCallback
 .text.UART_SetConfig
                0x0800fd3c      0xcd8 build/stm32h7xx_hal_uart.o
                0x0800fd3c                UART_SetConfig
 .text.UART_AdvFeatureConfig
                0x08010a14      0x144 build/stm32h7xx_hal_uart.o
                0x08010a14                UART_AdvFeatureConfig
 .text.UART_CheckIdleState
                0x08010b58      0x154 build/stm32h7xx_hal_uart.o
                0x08010b58                UART_CheckIdleState
 .text.UART_WaitOnFlagUntilTimeout
                0x08010cac       0xda build/stm32h7xx_hal_uart.o
                0x08010cac                UART_WaitOnFlagUntilTimeout
 *fill*         0x08010d86        0x2 
 .text.UART_Start_Receive_DMA
                0x08010d88      0x14c build/stm32h7xx_hal_uart.o
                0x08010d88                UART_Start_Receive_DMA
 .text.UART_EndTxTransfer
                0x08010ed4       0x82 build/stm32h7xx_hal_uart.o
 *fill*         0x08010f56        0x2 
 .text.UART_EndRxTransfer
                0x08010f58       0xcc build/stm32h7xx_hal_uart.o
 .text.UART_DMATransmitCplt
                0x08011024       0x96 build/stm32h7xx_hal_uart.o
 .text.UART_DMATxHalfCplt
                0x080110ba       0x1c build/stm32h7xx_hal_uart.o
 .text.UART_DMAReceiveCplt
                0x080110d6      0x128 build/stm32h7xx_hal_uart.o
 .text.UART_DMARxHalfCplt
                0x080111fe       0x3e build/stm32h7xx_hal_uart.o
 .text.UART_DMAError
                0x0801123c       0x80 build/stm32h7xx_hal_uart.o
 .text.UART_DMAAbortOnError
                0x080112bc       0x24 build/stm32h7xx_hal_uart.o
 .text.UART_EndTransmit_IT
                0x080112e0       0x56 build/stm32h7xx_hal_uart.o
 *fill*         0x08011336        0x2 
 .text.HAL_RS485Ex_Init
                0x08011338       0xd4 build/stm32h7xx_hal_uart_ex.o
                0x08011338                HAL_RS485Ex_Init
 .text.HAL_UARTEx_WakeupCallback
                0x0801140c       0x14 build/stm32h7xx_hal_uart_ex.o
                0x0801140c                HAL_UARTEx_WakeupCallback
 .text.HAL_UARTEx_RxFifoFullCallback
                0x08011420       0x14 build/stm32h7xx_hal_uart_ex.o
                0x08011420                HAL_UARTEx_RxFifoFullCallback
 .text.HAL_UARTEx_TxFifoEmptyCallback
                0x08011434       0x14 build/stm32h7xx_hal_uart_ex.o
                0x08011434                HAL_UARTEx_TxFifoEmptyCallback
 .text.HAL_UARTEx_DisableFifoMode
                0x08011448       0x72 build/stm32h7xx_hal_uart_ex.o
                0x08011448                HAL_UARTEx_DisableFifoMode
 .text.HAL_UARTEx_SetTxFifoThreshold
                0x080114ba       0x7c build/stm32h7xx_hal_uart_ex.o
                0x080114ba                HAL_UARTEx_SetTxFifoThreshold
 .text.HAL_UARTEx_SetRxFifoThreshold
                0x08011536       0x7c build/stm32h7xx_hal_uart_ex.o
                0x08011536                HAL_UARTEx_SetRxFifoThreshold
 .text.HAL_UARTEx_ReceiveToIdle_DMA
                0x080115b2       0xa8 build/stm32h7xx_hal_uart_ex.o
                0x080115b2                HAL_UARTEx_ReceiveToIdle_DMA
 *fill*         0x0801165a        0x2 
 .text.UARTEx_SetNbDataToProcess
                0x0801165c       0x9c build/stm32h7xx_hal_uart_ex.o
 .text.HAL_IWDG_Init
                0x080116f8       0xa2 build/stm32h7xx_hal_iwdg.o
                0x080116f8                HAL_IWDG_Init
 .text.HAL_IWDG_Refresh
                0x0801179a       0x20 build/stm32h7xx_hal_iwdg.o
                0x0801179a                HAL_IWDG_Refresh
 *fill*         0x080117ba        0x2 
 .text.SystemInit
                0x080117bc       0xf0 build/system_stm32h7xx.o
                0x080117bc                SystemInit
 .text.USBD_Init
                0x080118ac       0x60 build/usbd_core.o
                0x080118ac                USBD_Init
 .text.USBD_RegisterClass
                0x0801190c       0x6c build/usbd_core.o
                0x0801190c                USBD_RegisterClass
 .text.USBD_Start
                0x08011978       0x18 build/usbd_core.o
                0x08011978                USBD_Start
 .text.USBD_RunTestMode
                0x08011990       0x16 build/usbd_core.o
                0x08011990                USBD_RunTestMode
 .text.USBD_SetClassConfig
                0x080119a6       0x38 build/usbd_core.o
                0x080119a6                USBD_SetClassConfig
 .text.USBD_ClrClassConfig
                0x080119de       0x34 build/usbd_core.o
                0x080119de                USBD_ClrClassConfig
 .text.USBD_LL_SetupStage
                0x08011a12       0xaa build/usbd_core.o
                0x08011a12                USBD_LL_SetupStage
 .text.USBD_LL_DataOutStage
                0x08011abc      0x166 build/usbd_core.o
                0x08011abc                USBD_LL_DataOutStage
 .text.USBD_LL_DataInStage
                0x08011c22      0x164 build/usbd_core.o
                0x08011c22                USBD_LL_DataInStage
 .text.USBD_LL_Reset
                0x08011d86       0xa4 build/usbd_core.o
                0x08011d86                USBD_LL_Reset
 .text.USBD_LL_SetSpeed
                0x08011e2a       0x20 build/usbd_core.o
                0x08011e2a                USBD_LL_SetSpeed
 .text.USBD_LL_Suspend
                0x08011e4a       0x38 build/usbd_core.o
                0x08011e4a                USBD_LL_Suspend
 .text.USBD_LL_Resume
                0x08011e82       0x30 build/usbd_core.o
                0x08011e82                USBD_LL_Resume
 .text.USBD_LL_SOF
                0x08011eb2       0x40 build/usbd_core.o
                0x08011eb2                USBD_LL_SOF
 .text.USBD_LL_IsoINIncomplete
                0x08011ef2       0x64 build/usbd_core.o
                0x08011ef2                USBD_LL_IsoINIncomplete
 .text.USBD_LL_IsoOUTIncomplete
                0x08011f56       0x64 build/usbd_core.o
                0x08011f56                USBD_LL_IsoOUTIncomplete
 .text.USBD_LL_DevConnected
                0x08011fba       0x16 build/usbd_core.o
                0x08011fba                USBD_LL_DevConnected
 .text.USBD_LL_DevDisconnected
                0x08011fd0       0x46 build/usbd_core.o
                0x08011fd0                USBD_LL_DevDisconnected
 .text.USBD_CoreFindIF
                0x08012016       0x1a build/usbd_core.o
                0x08012016                USBD_CoreFindIF
 .text.USBD_CoreFindEP
                0x08012030       0x1a build/usbd_core.o
                0x08012030                USBD_CoreFindEP
 .text.USBD_GetEpDesc
                0x0801204a       0x70 build/usbd_core.o
                0x0801204a                USBD_GetEpDesc
 .text.USBD_GetNextDesc
                0x080120ba       0x38 build/usbd_core.o
                0x080120ba                USBD_GetNextDesc
 .text.SWAPBYTE
                0x080120f2       0x3e build/usbd_ctlreq.o
 .text.USBD_StdDevReq
                0x08012130       0xe4 build/usbd_ctlreq.o
                0x08012130                USBD_StdDevReq
 .text.USBD_StdItfReq
                0x08012214       0xd8 build/usbd_ctlreq.o
                0x08012214                USBD_StdItfReq
 .text.USBD_StdEPReq
                0x080122ec      0x33a build/usbd_ctlreq.o
                0x080122ec                USBD_StdEPReq
 *fill*         0x08012626        0x2 
 .text.USBD_GetDescriptor
                0x08012628      0x328 build/usbd_ctlreq.o
 .text.USBD_SetAddress
                0x08012950       0x88 build/usbd_ctlreq.o
 .text.USBD_SetConfig
                0x080129d8      0x154 build/usbd_ctlreq.o
 .text.USBD_GetConfig
                0x08012b2c       0x6c build/usbd_ctlreq.o
 .text.USBD_GetStatus
                0x08012b98       0x68 build/usbd_ctlreq.o
 .text.USBD_SetFeature
                0x08012c00       0x52 build/usbd_ctlreq.o
 .text.USBD_ClrFeature
                0x08012c52       0x44 build/usbd_ctlreq.o
 .text.USBD_ParseSetupRequest
                0x08012c96       0x74 build/usbd_ctlreq.o
                0x08012c96                USBD_ParseSetupRequest
 .text.USBD_CtlError
                0x08012d0a       0x22 build/usbd_ctlreq.o
                0x08012d0a                USBD_CtlError
 .text.USBD_GetString
                0x08012d2c       0xa4 build/usbd_ctlreq.o
                0x08012d2c                USBD_GetString
 .text.USBD_GetLen
                0x08012dd0       0x34 build/usbd_ctlreq.o
 .text.USBD_CtlSendData
                0x08012e04       0x36 build/usbd_ioreq.o
                0x08012e04                USBD_CtlSendData
 .text.USBD_CtlContinueSendData
                0x08012e3a       0x22 build/usbd_ioreq.o
                0x08012e3a                USBD_CtlContinueSendData
 .text.USBD_CtlPrepareRx
                0x08012e5c       0x3a build/usbd_ioreq.o
                0x08012e5c                USBD_CtlPrepareRx
 .text.USBD_CtlContinueRx
                0x08012e96       0x22 build/usbd_ioreq.o
                0x08012e96                USBD_CtlContinueRx
 .text.USBD_CtlSendStatus
                0x08012eb8       0x26 build/usbd_ioreq.o
                0x08012eb8                USBD_CtlSendStatus
 .text.USBD_CtlReceiveStatus
                0x08012ede       0x26 build/usbd_ioreq.o
                0x08012ede                USBD_CtlReceiveStatus
 .text.USBD_CDC_Init
                0x08012f04      0x1f0 build/usbd_cdc.o
 .text.USBD_CDC_DeInit
                0x080130f4      0x104 build/usbd_cdc.o
 .text.USBD_CDC_Setup
                0x080131f8      0x1b8 build/usbd_cdc.o
 .text.USBD_CDC_DataIn
                0x080133b0       0xfe build/usbd_cdc.o
 .text.USBD_CDC_DataOut
                0x080134ae       0x70 build/usbd_cdc.o
 .text.USBD_CDC_EP0_RxReady
                0x0801351e       0x74 build/usbd_cdc.o
 *fill*         0x08013592        0x2 
 .text.USBD_CDC_GetFSCfgDesc
                0x08013594       0x70 build/usbd_cdc.o
 .text.USBD_CDC_GetHSCfgDesc
                0x08013604       0x70 build/usbd_cdc.o
 .text.USBD_CDC_GetOtherSpeedCfgDesc
                0x08013674       0x70 build/usbd_cdc.o
 .text.USBD_CDC_GetDeviceQualifierDescriptor
                0x080136e4       0x20 build/usbd_cdc.o
                0x080136e4                USBD_CDC_GetDeviceQualifierDescriptor
 .text.USBD_CDC_RegisterInterface
                0x08013704       0x34 build/usbd_cdc.o
                0x08013704                USBD_CDC_RegisterInterface
 .text.USBD_CDC_SetTxBuffer
                0x08013738       0x44 build/usbd_cdc.o
                0x08013738                USBD_CDC_SetTxBuffer
 .text.USBD_CDC_SetRxBuffer
                0x0801377c       0x3a build/usbd_cdc.o
                0x0801377c                USBD_CDC_SetRxBuffer
 *fill*         0x080137b6        0x2 
 .text.USBD_CDC_TransmitPacket
                0x080137b8       0x80 build/usbd_cdc.o
                0x080137b8                USBD_CDC_TransmitPacket
 .text.USBD_CDC_ReceivePacket
                0x08013838       0x6c build/usbd_cdc.o
                0x08013838                USBD_CDC_ReceivePacket
 .text.vApplicationIdleHook
                0x080138a4        0xe build/freertos.o
                0x080138a4                vApplicationIdleHook
 *fill*         0x080138b2        0x2 
 .text.MX_FREERTOS_Init
                0x080138b4       0xcc build/freertos.o
                0x080138b4                MX_FREERTOS_Init
 .text.Remote_control_Task
                0x08013980       0x1a build/freertos.o
                0x08013980                Remote_control_Task
 .text.Eng_arm_Task
                0x0801399a       0x2a build/freertos.o
                0x0801399a                Eng_arm_Task
 .text.Chassis_Task
                0x080139c4       0x24 build/freertos.o
                0x080139c4                Chassis_Task
 .text.Motor_control_Task
                0x080139e8        0xc build/freertos.o
                0x080139e8                Motor_control_Task
 .text.Yaw_Task
                0x080139f4       0x10 build/freertos.o
                0x080139f4                Yaw_Task
 .text.Referee_Task
                0x08013a04       0x6c build/freertos.o
                0x08013a04                Referee_Task
 .text.Log_and_debug_Task
                0x08013a70       0x40 build/freertos.o
                0x08013a70                Log_and_debug_Task
 .text.vListInitialise
                0x08013ab0       0x40 build/list.o
                0x08013ab0                vListInitialise
 .text.vListInitialiseItem
                0x08013af0       0x1a build/list.o
                0x08013af0                vListInitialiseItem
 .text.vListInsertEnd
                0x08013b0a       0x48 build/list.o
                0x08013b0a                vListInsertEnd
 .text.vListInsert
                0x08013b52       0x72 build/list.o
                0x08013b52                vListInsert
 .text.uxListRemove
                0x08013bc4       0x54 build/list.o
                0x08013bc4                uxListRemove
 .text.xQueueGenericReset
                0x08013c18       0xd4 build/queue.o
                0x08013c18                xQueueGenericReset
 .text.xQueueGenericCreateStatic
                0x08013cec       0xfa build/queue.o
                0x08013cec                xQueueGenericCreateStatic
 .text.prvInitialiseNewQueue
                0x08013de6       0x46 build/queue.o
 .text.xQueueGenericSend
                0x08013e2c      0x204 build/queue.o
                0x08013e2c                xQueueGenericSend
 .text.xQueueGenericSendFromISR
                0x08014030      0x13c build/queue.o
                0x08014030                xQueueGenericSendFromISR
 .text.xQueueReceive
                0x0801416c      0x1c4 build/queue.o
                0x0801416c                xQueueReceive
 .text.prvCopyDataToQueue
                0x08014330       0xd4 build/queue.o
 .text.prvCopyDataFromQueue
                0x08014404       0x4c build/queue.o
 .text.prvUnlockQueue
                0x08014450       0xa4 build/queue.o
 .text.prvIsQueueEmpty
                0x080144f4       0x2c build/queue.o
 .text.prvIsQueueFull
                0x08014520       0x30 build/queue.o
 .text.vQueueAddToRegistry
                0x08014550       0x54 build/queue.o
                0x08014550                vQueueAddToRegistry
 .text.vQueueWaitForMessageRestricted
                0x080145a4       0x68 build/queue.o
                0x080145a4                vQueueWaitForMessageRestricted
 .text.xTaskCreateStatic
                0x0801460c       0xc0 build/tasks.o
                0x0801460c                xTaskCreateStatic
 .text.xTaskCreate
                0x080146cc       0x8a build/tasks.o
                0x080146cc                xTaskCreate
 .text.prvInitialiseNewTask
                0x08014756      0x120 build/tasks.o
 *fill*         0x08014876        0x2 
 .text.prvAddNewTaskToReadyList
                0x08014878       0xe0 build/tasks.o
 .text.vTaskDelay
                0x08014958       0x6c build/tasks.o
                0x08014958                vTaskDelay
 .text.vTaskStartScheduler
                0x080149c4       0xd0 build/tasks.o
                0x080149c4                vTaskStartScheduler
 .text.vTaskSuspendAll
                0x08014a94       0x1c build/tasks.o
                0x08014a94                vTaskSuspendAll
 .text.xTaskResumeAll
                0x08014ab0      0x13c build/tasks.o
                0x08014ab0                xTaskResumeAll
 .text.xTaskGetTickCount
                0x08014bec       0x20 build/tasks.o
                0x08014bec                xTaskGetTickCount
 .text.xTaskIncrementTick
                0x08014c0c      0x174 build/tasks.o
                0x08014c0c                xTaskIncrementTick
 .text.vTaskSwitchContext
                0x08014d80       0xbc build/tasks.o
                0x08014d80                vTaskSwitchContext
 .text.vTaskPlaceOnEventList
                0x08014e3c       0x4c build/tasks.o
                0x08014e3c                vTaskPlaceOnEventList
 .text.vTaskPlaceOnEventListRestricted
                0x08014e88       0x58 build/tasks.o
                0x08014e88                vTaskPlaceOnEventListRestricted
 .text.xTaskRemoveFromEventList
                0x08014ee0       0xc8 build/tasks.o
                0x08014ee0                xTaskRemoveFromEventList
 .text.vTaskInternalSetTimeOutState
                0x08014fa8       0x2c build/tasks.o
                0x08014fa8                vTaskInternalSetTimeOutState
 .text.xTaskCheckForTimeOut
                0x08014fd4       0xc8 build/tasks.o
                0x08014fd4                xTaskCheckForTimeOut
 .text.vTaskMissedYield
                0x0801509c       0x18 build/tasks.o
                0x0801509c                vTaskMissedYield
 .text.prvIdleTask
                0x080150b4       0x34 build/tasks.o
 .text.prvInitialiseTaskLists
                0x080150e8       0x80 build/tasks.o
 .text.prvCheckTasksWaitingTermination
                0x08015168       0x5c build/tasks.o
 .text.prvDeleteTCB
                0x080151c4       0x60 build/tasks.o
 .text.prvResetNextTaskUnblockTime
                0x08015224       0x40 build/tasks.o
 .text.xTaskGetSchedulerState
                0x08015264       0x3c build/tasks.o
                0x08015264                xTaskGetSchedulerState
 .text.xTaskPriorityDisinherit
                0x080152a0       0xe0 build/tasks.o
                0x080152a0                xTaskPriorityDisinherit
 .text.prvAddCurrentTaskToDelayedList
                0x08015380       0xa8 build/tasks.o
 .text.xTimerCreateTimerTask
                0x08015428       0x94 build/timers.o
                0x08015428                xTimerCreateTimerTask
 .text.xTimerGenericCommand
                0x080154bc       0x9c build/timers.o
                0x080154bc                xTimerGenericCommand
 .text.prvProcessExpiredTimer
                0x08015558       0x9c build/timers.o
 .text.prvTimerTask
                0x080155f4       0x26 build/timers.o
 *fill*         0x0801561a        0x2 
 .text.prvProcessTimerOrBlockTask
                0x0801561c       0x9c build/timers.o
 .text.prvGetNextExpireTime
                0x080156b8       0x48 build/timers.o
 .text.prvSampleTimeNow
                0x08015700       0x40 build/timers.o
 .text.prvInsertTimerInActiveList
                0x08015740       0x84 build/timers.o
 .text.prvProcessReceivedCommands
                0x080157c4      0x1cc build/timers.o
 .text.prvSwitchTimerLists
                0x08015990       0xcc build/timers.o
 .text.prvCheckForValidListAndQueue
                0x08015a5c       0x80 build/timers.o
 .text.__NVIC_SetPriority
                0x08015adc       0x54 build/cmsis_os2.o
 .text.SysTick_Handler
                0x08015b30       0x20 build/cmsis_os2.o
                0x08015b30                SysTick_Handler
 .text.SVC_Setup
                0x08015b50       0x12 build/cmsis_os2.o
 *fill*         0x08015b62        0x2 
 .text.osKernelInitialize
                0x08015b64       0x48 build/cmsis_os2.o
                0x08015b64                osKernelInitialize
 .text.osKernelStart
                0x08015bac       0x4c build/cmsis_os2.o
                0x08015bac                osKernelStart
 .text.osThreadNew
                0x08015bf8      0x124 build/cmsis_os2.o
                0x08015bf8                osThreadNew
 .text.osDelay  0x08015d1c       0x36 build/cmsis_os2.o
                0x08015d1c                osDelay
 *fill*         0x08015d52        0x2 
 .text.vApplicationGetIdleTaskMemory
                0x08015d54       0x34 build/cmsis_os2.o
                0x08015d54                vApplicationGetIdleTaskMemory
 .text.vApplicationGetTimerTaskMemory
                0x08015d88       0x34 build/cmsis_os2.o
                0x08015d88                vApplicationGetTimerTaskMemory
 .text.pvPortMalloc
                0x08015dbc      0x19c build/heap_4.o
                0x08015dbc                pvPortMalloc
 .text.vPortFree
                0x08015f58       0xc8 build/heap_4.o
                0x08015f58                vPortFree
 .text.prvHeapInit
                0x08016020       0xc4 build/heap_4.o
 .text.prvInsertBlockIntoFreeList
                0x080160e4       0xb4 build/heap_4.o
 .text.pxPortInitialiseStack
                0x08016198       0x68 build/port.o
                0x08016198                pxPortInitialiseStack
 .text.prvTaskExitError
                0x08016200       0x5c build/port.o
 *fill*         0x0801625c        0x4 
 .text.SVC_Handler
                0x08016260       0x28 build/port.o
                0x08016260                SVC_Handler
 .text.prvPortStartFirstTask
                0x08016288       0x28 build/port.o
 .text.xPortStartScheduler
                0x080162b0      0x148 build/port.o
                0x080162b0                xPortStartScheduler
 .text.vPortEnterCritical
                0x080163f8       0x64 build/port.o
                0x080163f8                vPortEnterCritical
 .text.vPortExitCritical
                0x0801645c       0x54 build/port.o
                0x0801645c                vPortExitCritical
 .text.PendSV_Handler
                0x080164b0       0x68 build/port.o
                0x080164b0                PendSV_Handler
 .text.xPortSysTickHandler
                0x08016518       0x44 build/port.o
                0x08016518                xPortSysTickHandler
 .text.vPortSetupTimerInterrupt
                0x0801655c       0x48 build/port.o
                0x0801655c                vPortSetupTimerInterrupt
 .text.vPortEnableVFP
                0x080165a4       0x14 build/port.o
 .text.vPortValidateInterruptPriority
                0x080165b8       0x84 build/port.o
                0x080165b8                vPortValidateInterruptPriority
 .text._sbrk    0x0801663c       0x6c build/sysmem.o
                0x0801663c                _sbrk
 .text._getpid  0x080166a8       0x10 build/syscalls.o
                0x080166a8                _getpid
 .text._kill    0x080166b8       0x20 build/syscalls.o
                0x080166b8                _kill
 .text._exit    0x080166d8       0x16 build/syscalls.o
                0x080166d8                _exit
 .text._read    0x080166ee       0x3a build/syscalls.o
                0x080166ee                _read
 .text._write   0x08016728       0x38 build/syscalls.o
                0x08016728                _write
 .text._close   0x08016760       0x18 build/syscalls.o
                0x08016760                _close
 .text._fstat   0x08016778       0x20 build/syscalls.o
                0x08016778                _fstat
 .text._isatty  0x08016798       0x16 build/syscalls.o
                0x08016798                _isatty
 .text._lseek   0x080167ae       0x1a build/syscalls.o
                0x080167ae                _lseek
 .text.MX_GPIO_Init
                0x080167c8      0x218 build/gpio.o
                0x080167c8                MX_GPIO_Init
 .text.MX_DMA_Init
                0x080169e0      0x120 build/dma.o
                0x080169e0                MX_DMA_Init
 .text.MX_FDCAN1_Init
                0x08016b00       0xc8 build/fdcan.o
                0x08016b00                MX_FDCAN1_Init
 .text.MX_FDCAN2_Init
                0x08016bc8       0xcc build/fdcan.o
                0x08016bc8                MX_FDCAN2_Init
 .text.MX_FDCAN3_Init
                0x08016c94       0xcc build/fdcan.o
                0x08016c94                MX_FDCAN3_Init
 .text.HAL_FDCAN_MspInit
                0x08016d60      0x2b0 build/fdcan.o
                0x08016d60                HAL_FDCAN_MspInit
 .text.HAL_FDCAN_MspDeInit
                0x08017010       0xf4 build/fdcan.o
                0x08017010                HAL_FDCAN_MspDeInit
 .text.MX_OCTOSPI2_Init
                0x08017104       0xc0 build/octospi.o
                0x08017104                MX_OCTOSPI2_Init
 .text.HAL_OSPI_MspInit
                0x080171c4      0x22c build/octospi.o
                0x080171c4                HAL_OSPI_MspInit
 .text.MX_SPI2_Init
                0x080173f0       0xb0 build/spi.o
                0x080173f0                MX_SPI2_Init
 .text.MX_SPI6_Init
                0x080174a0       0xb4 build/spi.o
                0x080174a0                MX_SPI6_Init
 .text.HAL_SPI_MspInit
                0x08017554      0x2c0 build/spi.o
                0x08017554                HAL_SPI_MspInit
 .text.MX_TIM1_Init
                0x08017814      0x13c build/tim.o
                0x08017814                MX_TIM1_Init
 .text.MX_TIM3_Init
                0x08017950       0xb4 build/tim.o
                0x08017950                MX_TIM3_Init
 .text.MX_TIM12_Init
                0x08017a04       0xec build/tim.o
                0x08017a04                MX_TIM12_Init
 .text.MX_TIM13_Init
                0x08017af0       0x48 build/tim.o
                0x08017af0                MX_TIM13_Init
 .text.MX_TIM14_Init
                0x08017b38       0x48 build/tim.o
                0x08017b38                MX_TIM14_Init
 .text.HAL_TIM_PWM_MspInit
                0x08017b80       0x74 build/tim.o
                0x08017b80                HAL_TIM_PWM_MspInit
 .text.HAL_TIM_Base_MspInit
                0x08017bf4       0xcc build/tim.o
                0x08017bf4                HAL_TIM_Base_MspInit
 .text.HAL_TIM_MspPostInit
                0x08017cc0      0x118 build/tim.o
                0x08017cc0                HAL_TIM_MspPostInit
 .text.MX_UART5_Init
                0x08017dd8       0xa0 build/usart.o
                0x08017dd8                MX_UART5_Init
 .text.MX_UART7_Init
                0x08017e78       0x98 build/usart.o
                0x08017e78                MX_UART7_Init
 .text.MX_USART1_UART_Init
                0x08017f10       0x98 build/usart.o
                0x08017f10                MX_USART1_UART_Init
 .text.MX_USART2_UART_Init
                0x08017fa8       0xa0 build/usart.o
                0x08017fa8                MX_USART2_UART_Init
 .text.MX_USART3_UART_Init
                0x08018048       0xa0 build/usart.o
                0x08018048                MX_USART3_UART_Init
 .text.MX_USART10_UART_Init
                0x080180e8       0x98 build/usart.o
                0x080180e8                MX_USART10_UART_Init
 .text.HAL_UART_MspInit
                0x08018180      0xb08 build/usart.o
                0x08018180                HAL_UART_MspInit
 .text.BMI088_init
                0x08018c88       0x38 build/BMI088driver.o
                0x08018c88                BMI088_init
 .text.bmi088_accel_init
                0x08018cc0      0x170 build/BMI088driver.o
                0x08018cc0                bmi088_accel_init
 .text.bmi088_gyro_init
                0x08018e30      0x130 build/BMI088driver.o
                0x08018e30                bmi088_gyro_init
 .text.BMI088_read
                0x08018f60      0x1d4 build/BMI088driver.o
                0x08018f60                BMI088_read
 .text.BMI088_write_single_reg
                0x08019134       0x28 build/BMI088driver.o
 .text.BMI088_read_single_reg
                0x0801915c       0x30 build/BMI088driver.o
 .text.BMI088_read_muli_reg
                0x0801918c       0x4a build/BMI088driver.o
 .text.BMI088_GPIO_init
                0x080191d6        0xe build/BMI088Middleware.o
                0x080191d6                BMI088_GPIO_init
 .text.BMI088_com_init
                0x080191e4        0xe build/BMI088Middleware.o
                0x080191e4                BMI088_com_init
 .text.BMI088_delay_ms
                0x080191f2       0x28 build/BMI088Middleware.o
                0x080191f2                BMI088_delay_ms
 *fill*         0x0801921a        0x2 
 .text.BMI088_delay_us
                0x0801921c       0x28 build/BMI088Middleware.o
                0x0801921c                BMI088_delay_us
 .text.BMI088_ACCEL_NS_L
                0x08019244       0x18 build/BMI088Middleware.o
                0x08019244                BMI088_ACCEL_NS_L
 .text.BMI088_ACCEL_NS_H
                0x0801925c       0x18 build/BMI088Middleware.o
                0x0801925c                BMI088_ACCEL_NS_H
 .text.BMI088_GYRO_NS_L
                0x08019274       0x18 build/BMI088Middleware.o
                0x08019274                BMI088_GYRO_NS_L
 .text.BMI088_GYRO_NS_H
                0x0801928c       0x18 build/BMI088Middleware.o
                0x0801928c                BMI088_GYRO_NS_H
 .text.BMI088_read_write_byte
                0x080192a4       0x2c build/BMI088Middleware.o
                0x080192a4                BMI088_read_write_byte
 .text.WS2812_Ctrl
                0x080192d0       0xf4 build/ws2812.o
                0x080192d0                WS2812_Ctrl
 .text.calc_crc8
                0x080193c4       0x44 build/ui_interface.o
                0x080193c4                calc_crc8
 .text.calc_crc16
                0x08019408       0x5c build/ui_interface.o
                0x08019408                calc_crc16
 .text.ui_proc_1_frame
                0x08019464       0x9c build/ui_interface.o
                0x08019464                ui_proc_1_frame
 .text.ui_proc_2_frame
                0x08019500       0xa0 build/ui_interface.o
                0x08019500                ui_proc_2_frame
 .text.ui_proc_5_frame
                0x080195a0       0xa0 build/ui_interface.o
                0x080195a0                ui_proc_5_frame
 .text.ui_proc_7_frame
                0x08019640       0xa0 build/ui_interface.o
                0x08019640                ui_proc_7_frame
 .text.ui_proc_string_frame
                0x080196e0       0xd4 build/ui_interface.o
                0x080196e0                ui_proc_string_frame
 .text.ui_scan_and_send
                0x080197b4      0x368 build/ui_interface.o
                0x080197b4                ui_scan_and_send
 .text.ui_init_g
                0x08019b1c      0x2c4 build/ui_g.o
                0x08019b1c                ui_init_g
 .text.ui_update_g
                0x08019de0       0xa0 build/ui_g.o
                0x08019de0                ui_update_g
 .text.AHRS_get_height
                0x08019e80       0x22 build/AHRS_middleware.o
                0x08019e80                AHRS_get_height
 *fill*         0x08019ea2        0x2 
 .text.AHRS_get_latitude
                0x08019ea4       0x24 build/AHRS_middleware.o
                0x08019ea4                AHRS_get_latitude
 .text.AHRS_invSqrt
                0x08019ec8       0x2c build/AHRS_middleware.o
                0x08019ec8                AHRS_invSqrt
 .text.AHRS_sinf
                0x08019ef4       0x2c build/AHRS_middleware.o
                0x08019ef4                AHRS_sinf
 .text.AHRS_cosf
                0x08019f20       0x2c build/AHRS_middleware.o
                0x08019f20                AHRS_cosf
 .text.AHRS_asinf
                0x08019f4c       0x20 build/AHRS_middleware.o
                0x08019f4c                AHRS_asinf
 .text.AHRS_atan2f
                0x08019f6c       0x28 build/AHRS_middleware.o
                0x08019f6c                AHRS_atan2f
 .text.get_CRC8_check_sum
                0x08019f94       0x44 build/CRC8_CRC16.o
                0x08019f94                get_CRC8_check_sum
 .text.verify_CRC8_check_sum
                0x08019fd8       0x4e build/CRC8_CRC16.o
                0x08019fd8                verify_CRC8_check_sum
 *fill*         0x0801a026        0x2 
 .text.get_CRC16_check_sum
                0x0801a028       0x58 build/CRC8_CRC16.o
                0x0801a028                get_CRC16_check_sum
 .text.verify_CRC16_check_sum
                0x0801a080       0x6c build/CRC8_CRC16.o
                0x0801a080                verify_CRC16_check_sum
 .text.fifo_s_init
                0x0801a0ec       0x44 build/fifo.o
                0x0801a0ec                fifo_s_init
 .text.fifo_s_puts
                0x0801a130       0xfa build/fifo.o
                0x0801a130                fifo_s_puts
 .text.fifo_s_get
                0x0801a22a       0x6a build/fifo.o
                0x0801a22a                fifo_s_get
 .text.fifo_s_gets
                0x0801a294       0xfa build/fifo.o
                0x0801a294                fifo_s_gets
 .text.fifo_s_used
                0x0801a38e       0x18 build/fifo.o
                0x0801a38e                fifo_s_used
 .text.pid_set  0x0801a3a6       0x46 build/pid.o
                0x0801a3a6                pid_set
 .text.pid_cal  0x0801a3ec      0x160 build/pid.o
                0x0801a3ec                pid_cal
 .text.RampGenerator_Init
                0x0801a54c       0x84 build/ramp_generator.o
                0x0801a54c                RampGenerator_Init
 .text.RampGenerator_SetTarget
                0x0801a5d0       0x1e build/ramp_generator.o
                0x0801a5d0                RampGenerator_SetTarget
 .text.RampGenerator_GetCurrent
                0x0801a5ee       0x1e build/ramp_generator.o
                0x0801a5ee                RampGenerator_GetCurrent
 .text.RampGenerator_Update
                0x0801a60c      0x21c build/ramp_generator.o
                0x0801a60c                RampGenerator_Update
 .text.uart_init
                0x0801a828       0xa0 build/UART_data_txrx.o
                0x0801a828                uart_init
 .text.UART_DMA_rxtx_start
                0x0801a8c8      0x18c build/UART_data_txrx.o
                0x0801a8c8                UART_DMA_rxtx_start
 .text.UART_send_data
                0x0801aa54       0x2a build/UART_data_txrx.o
                0x0801aa54                UART_send_data
 *fill*         0x0801aa7e        0x2 
 .text.HAL_UARTEx_RxEventCallback
                0x0801aa80      0x8b4 build/UART_data_txrx.o
                0x0801aa80                HAL_UARTEx_RxEventCallback
 .text.HAL_UART_RxCpltCallback
                0x0801b334       0x14 build/UART_data_txrx.o
                0x0801b334                HAL_UART_RxCpltCallback
 .text.HAL_UART_ErrorCallback
                0x0801b348      0x558 build/UART_data_txrx.o
                0x0801b348                HAL_UART_ErrorCallback
 .text.can_init
                0x0801b8a0       0xb0 build/CAN_receive_send.o
                0x0801b8a0                can_init
 .text.canx_send_data
                0x0801b950       0xa4 build/CAN_receive_send.o
                0x0801b950                canx_send_data
 .text.fdcanx_receive
                0x0801b9f4       0x3c build/CAN_receive_send.o
                0x0801b9f4                fdcanx_receive
 .text.HAL_FDCAN_RxFifo0Callback
                0x0801ba30      0x130 build/CAN_receive_send.o
                0x0801ba30                HAL_FDCAN_RxFifo0Callback
 .text.HAL_FDCAN_ErrorCallback
                0x0801bb60       0x66 build/CAN_receive_send.o
                0x0801bb60                HAL_FDCAN_ErrorCallback
 .text.Get_sys_time_ms
                0x0801bbc6        0xe build/Stm32_time.o
                0x0801bbc6                Get_sys_time_ms
 .text.DJIMotor_init
                0x0801bbd4       0x74 build/motor.o
                0x0801bbd4                DJIMotor_init
 .text.DJIMotor_setzero
                0x0801bc48       0x78 build/motor.o
                0x0801bc48                DJIMotor_setzero
 .text.DJIMotor_set
                0x0801bcc0       0x6c build/motor.o
                0x0801bcc0                DJIMotor_set
 .text.DJIMotor_get_data
                0x0801bd2c       0x7c build/motor.o
                0x0801bd2c                DJIMotor_get_data
 .text.DJIMotor_get_process_motor_data
                0x0801bda8      0x358 build/motor.o
                0x0801bda8                DJIMotor_get_process_motor_data
 .text.DJIMotor_decode_candata
                0x0801c100       0xa0 build/motor.o
                0x0801c100                DJIMotor_decode_candata
 .text.uint_to_float
                0x0801c1a0       0x64 build/dm4310_drv.o
                0x0801c1a0                uint_to_float
 .text.arm_motor_init
                0x0801c204       0x28 build/dm4310_drv.o
                0x0801c204                arm_motor_init
 .text.enable_motor_mode
                0x0801c22c       0x58 build/dm4310_drv.o
                0x0801c22c                enable_motor_mode
 .text.damiao_fbdata
                0x0801c284       0xf4 build/dm4310_drv.o
                0x0801c284                damiao_fbdata
 .text.set_DM_pos_vel
                0x0801c378       0x4c build/dm4310_drv.o
                0x0801c378                set_DM_pos_vel
 .text.set_DM_mode
                0x0801c3c4       0x34 build/dm4310_drv.o
                0x0801c3c4                set_DM_mode
 .text.pos_speed_ctrl
                0x0801c3f8       0x6a build/dm4310_drv.o
                0x0801c3f8                pos_speed_ctrl
 *fill*         0x0801c462        0x2 
 .text.Arm_Init
                0x0801c464       0xc4 build/dm_arm.o
                0x0801c464                Arm_Init
 .text.Arm_motor4
                0x0801c528       0x64 build/dm_arm.o
                0x0801c528                Arm_motor4
 *fill*         0x0801c58c        0x4 
 .text.Arm_motor5
                0x0801c590       0x90 build/dm_arm.o
                0x0801c590                Arm_motor5
 .text.Arm_motor6
                0x0801c620       0x90 build/dm_arm.o
                0x0801c620                Arm_motor6
 .text.IMU_init
                0x0801c6b0       0xb8 build/IMU_updata.o
                0x0801c6b0                IMU_init
 .text.IMU_updata
                0x0801c768      0x25c build/IMU_updata.o
                0x0801c768                IMU_updata
 .text.IMU_heat_set
                0x0801c9c4       0x24 build/IMU_updata.o
                0x0801c9c4                IMU_heat_set
 .text.imu_temp_control
                0x0801c9e8       0x64 build/IMU_updata.o
 .text.update_sbus
                0x0801ca4c      0x31e build/DT7.o
                0x0801ca4c                update_sbus
 .text.VT13_data_solve
                0x0801cd6a      0x2f8 build/VT13.o
                0x0801cd6a                VT13_data_solve
 .text.hexToRGB
                0x0801d062       0x36 build/LED.o
                0x0801d062                hexToRGB
 .text.LEDshowcolor
                0x0801d098       0x2e build/LED.o
                0x0801d098                LEDshowcolor
 *fill*         0x0801d0c6        0x2 
 .text.referee_struct_init
                0x0801d0c8       0xe8 build/referee_system.o
 .text.required_Data
                0x0801d1b0       0x88 build/referee_system.o
 .text.referee_data_solve
                0x0801d238      0x28c build/referee_system.o
 .text.Refree_system_init
                0x0801d4c4       0x34 build/referee_system.o
                0x0801d4c4                Refree_system_init
 .text.Referee_unpack_fifo_data
                0x0801d4f8      0x254 build/referee_system.o
                0x0801d4f8                Referee_unpack_fifo_data
 .text.Buzzer_init
                0x0801d74c       0x24 build/buzzer.o
                0x0801d74c                Buzzer_init
 .text.remote_control_init
                0x0801d770       0x64 build/remote_control.o
                0x0801d770                remote_control_init
 .text.GPIO_init
                0x0801d7d4       0x80 build/remote_control.o
                0x0801d7d4                GPIO_init
 .text.PWM_control_init
                0x0801d854       0x30 build/remote_control.o
                0x0801d854                PWM_control_init
 .text.start    0x0801d884        0xe build/remote_control.o
                0x0801d884                start
 *fill*         0x0801d892        0x2 
 .text.Chassis_init
                0x0801d894      0x154 build/Chassis.o
                0x0801d894                Chassis_init
 .text.status   0x0801d9e8       0x98 build/Chassis.o
                0x0801d9e8                status
 .text.ChassisMotor_Control
                0x0801da80      0xa54 build/Chassis.o
                0x0801da80                ChassisMotor_Control
 .text.Chassis_move
                0x0801e4d4       0x34 build/Chassis.o
                0x0801e4d4                Chassis_move
 .text.Gimbal_init
                0x0801e508      0x13c build/Gimbal.o
                0x0801e508                Gimbal_init
 .text.VirCom_send
                0x0801e644       0x34 build/USB_VirCom.o
                0x0801e644                VirCom_send
 .text.VirCom_rev
                0x0801e678       0x18 build/USB_VirCom.o
                0x0801e678                VirCom_rev
 .text.__io_putchar
                0x0801e690       0x1c build/USB_VirCom.o
                0x0801e690                __io_putchar
 .text.decodeMINIPCdata
                0x0801e6ac       0x1e build/Auto_control.o
                0x0801e6ac                decodeMINIPCdata
 .text.encodeSTM32
                0x0801e6ca       0x20 build/Auto_control.o
                0x0801e6ca                encodeSTM32
 *fill*         0x0801e6ea        0x2 
 .text.STM32_to_MINIPC
                0x0801e6ec      0x124 build/Auto_control.o
                0x0801e6ec                STM32_to_MINIPC
 .text.MINIPC_to_STM32
                0x0801e810      0x120 build/Auto_control.o
                0x0801e810                MINIPC_to_STM32
 .text.limit_filter_init
                0x0801e930       0x5c build/limit_filter.o
                0x0801e930                limit_filter_init
 .text.update_limit_filter
                0x0801e98c      0x18c build/limit_filter.o
                0x0801e98c                update_limit_filter
 .text.init_smoothed_data_init
                0x0801eb18      0x11c build/limit_filter.o
                0x0801eb18                init_smoothed_data_init
 .text.update_smoothed_data
                0x0801ec34      0x18c build/limit_filter.o
                0x0801ec34                update_smoothed_data
 .text.Shoot_init
                0x0801edc0       0xa0 build/Shoot.o
                0x0801edc0                Shoot_init
 .text.ui_init  0x0801ee60       0x12 build/ui.o
                0x0801ee60                ui_init
 .text.ui_updata
                0x0801ee72       0x12 build/ui.o
                0x0801ee72                ui_updata
 .text.BOOMui_change
                0x0801ee84       0x70 build/ui.o
                0x0801ee84                BOOMui_change
 .text.Music_init
                0x0801eef4        0xc build/music.o
                0x0801eef4                Music_init
 .text.Reset_Handler
                0x0801ef00       0x50 build/startup_stm32h723xx.o
                0x0801ef00                Reset_Handler
 .text.Default_Handler
                0x0801ef50        0x2 build/startup_stm32h723xx.o
                0x0801ef50                RTC_Alarm_IRQHandler
                0x0801ef50                EXTI2_IRQHandler
                0x0801ef50                TIM8_CC_IRQHandler
                0x0801ef50                UART8_IRQHandler
                0x0801ef50                SPI4_IRQHandler
                0x0801ef50                TIM1_CC_IRQHandler
                0x0801ef50                BDMA_Channel6_IRQHandler
                0x0801ef50                DMA2_Stream5_IRQHandler
                0x0801ef50                CORDIC_IRQHandler
                0x0801ef50                BDMA_Channel1_IRQHandler
                0x0801ef50                TAMP_STAMP_IRQHandler
                0x0801ef50                EXTI3_IRQHandler
                0x0801ef50                LPTIM4_IRQHandler
                0x0801ef50                LPTIM2_IRQHandler
                0x0801ef50                DFSDM1_FLT1_IRQHandler
                0x0801ef50                DMAMUX2_OVR_IRQHandler
                0x0801ef50                I2C3_ER_IRQHandler
                0x0801ef50                DFSDM1_FLT2_IRQHandler
                0x0801ef50                I2C5_EV_IRQHandler
                0x0801ef50                MDMA_IRQHandler
                0x0801ef50                LPTIM3_IRQHandler
                0x0801ef50                HSEM1_IRQHandler
                0x0801ef50                EXTI0_IRQHandler
                0x0801ef50                I2C2_EV_IRQHandler
                0x0801ef50                FPU_IRQHandler
                0x0801ef50                OTG_HS_WKUP_IRQHandler
                0x0801ef50                LTDC_ER_IRQHandler
                0x0801ef50                SPI1_IRQHandler
                0x0801ef50                OCTOSPI1_IRQHandler
                0x0801ef50                TIM6_DAC_IRQHandler
                0x0801ef50                OCTOSPI2_IRQHandler
                0x0801ef50                DFSDM1_FLT3_IRQHandler
                0x0801ef50                USART6_IRQHandler
                0x0801ef50                TIM17_IRQHandler
                0x0801ef50                BDMA_Channel7_IRQHandler
                0x0801ef50                LPTIM5_IRQHandler
                0x0801ef50                ADC3_IRQHandler
                0x0801ef50                TIM4_IRQHandler
                0x0801ef50                BDMA_Channel2_IRQHandler
                0x0801ef50                I2C1_EV_IRQHandler
                0x0801ef50                DMAMUX1_OVR_IRQHandler
                0x0801ef50                TIM16_IRQHandler
                0x0801ef50                UART4_IRQHandler
                0x0801ef50                BDMA_Channel5_IRQHandler
                0x0801ef50                TIM3_IRQHandler
                0x0801ef50                RCC_IRQHandler
                0x0801ef50                UART9_IRQHandler
                0x0801ef50                TIM1_TRG_COM_IRQHandler
                0x0801ef50                Default_Handler
                0x0801ef50                ECC_IRQHandler
                0x0801ef50                FMAC_IRQHandler
                0x0801ef50                CEC_IRQHandler
                0x0801ef50                EXTI15_10_IRQHandler
                0x0801ef50                BDMA_Channel0_IRQHandler
                0x0801ef50                ADC_IRQHandler
                0x0801ef50                I2C5_ER_IRQHandler
                0x0801ef50                SPI5_IRQHandler
                0x0801ef50                TIM7_IRQHandler
                0x0801ef50                SDMMC1_IRQHandler
                0x0801ef50                TIM5_IRQHandler
                0x0801ef50                DMA2_Stream7_IRQHandler
                0x0801ef50                TIM15_IRQHandler
                0x0801ef50                PVD_AVD_IRQHandler
                0x0801ef50                I2C3_EV_IRQHandler
                0x0801ef50                EXTI9_5_IRQHandler
                0x0801ef50                RTC_WKUP_IRQHandler
                0x0801ef50                LTDC_IRQHandler
                0x0801ef50                ETH_WKUP_IRQHandler
                0x0801ef50                SPDIF_RX_IRQHandler
                0x0801ef50                OTG_HS_EP1_IN_IRQHandler
                0x0801ef50                TIM24_IRQHandler
                0x0801ef50                CRS_IRQHandler
                0x0801ef50                EXTI4_IRQHandler
                0x0801ef50                RNG_IRQHandler
                0x0801ef50                ETH_IRQHandler
                0x0801ef50                TIM1_UP_IRQHandler
                0x0801ef50                BDMA_Channel4_IRQHandler
                0x0801ef50                OTG_HS_EP1_OUT_IRQHandler
                0x0801ef50                WWDG_IRQHandler
                0x0801ef50                SPI6_IRQHandler
                0x0801ef50                MDIOS_IRQHandler
                0x0801ef50                I2C4_EV_IRQHandler
                0x0801ef50                LPUART1_IRQHandler
                0x0801ef50                TIM2_IRQHandler
                0x0801ef50                DMA2D_IRQHandler
                0x0801ef50                TIM1_BRK_IRQHandler
                0x0801ef50                EXTI1_IRQHandler
                0x0801ef50                SDMMC2_IRQHandler
                0x0801ef50                BDMA_Channel3_IRQHandler
                0x0801ef50                DTS_IRQHandler
                0x0801ef50                MDIOS_WKUP_IRQHandler
                0x0801ef50                DFSDM1_FLT0_IRQHandler
                0x0801ef50                SAI4_IRQHandler
                0x0801ef50                I2C2_ER_IRQHandler
                0x0801ef50                FLASH_IRQHandler
                0x0801ef50                SPI3_IRQHandler
                0x0801ef50                WAKEUP_PIN_IRQHandler
                0x0801ef50                I2C1_ER_IRQHandler